<html>
<body>
<pre>
<h1>礦ision Build Log</h1>
<h2>Tool Versions:</h2>
IDE-Version: μVision V5.14.0.0
Copyright (C) 2015 ARM Ltd and ARM Germany GmbH. All rights reserved.
License Information: 11 11, 11, LIC=GE7DY-IGN0S-JP6ZQ-N9S1M-8PH18-75ZFZ
 
Tool Versions:
Toolchain:       MDK-ARM Professional  Version: 5.14.0.0
Toolchain Path:  D:\keil 5\ARM\ARMCC\Bin
C Compiler:      Armcc.exe V5.05 update 1 (build 106)
Assembler:       Armasm.exe V5.05 update 1 (build 106)
Linker/Locator:  ArmLink.exe V5.05 update 1 (build 106)
Library Manager: ArmAr.exe V5.05 update 1 (build 106)
Hex Converter:   FromElf.exe V5.05 update 1 (build 106)
CPU DLL:         SARMCM3.DLL V5.14.0.0
Dialog DLL:      DCM.DLL V1.13.1.0
Target DLL:      STLink\ST-LINKIII-KEIL_SWO.dll V2.0.14.0_KEIL
Dialog DLL:      TCM.DLL V1.14.4.0
 
<h2>Project:</h2>
D:\汽车姿态检测\STM32资料\2，标准例程-V3.5库函数版本\ALIENTEK MINISTM32 实验28 SD卡实验\USER\SD.uvprojx
Project File Date:  04/05/2019

<h2>Output:</h2>
Rebuild target 'Target 1'
compiling main.c...
main.c(58): warning:  #223-D: function "mf_open" declared implicitly
                mf_open(tbuf,0x04);//创建一个新的文件，若文件存在则函数失败
main.c(60): warning:  #223-D: function "mf_close" declared implicitly
          mf_close();
main.c(73): warning:  #223-D: function "mf_lseek" declared implicitly
                        mf_lseek(lo);//将写入位置移至已写入数据末端
main.c(75): warning:  #223-D: function "mf_write" declared implicitly
                        mf_write((const char*)aa,8);//将接收到的数据写入
main.c(81): warning:  #223-D: function "mf_tell" declared implicitly
                        mf_tell();//获取已写入的数据的末端位置
main.c: 5 warnings, 0 errors
compiling stm32f10x_it.c...
compiling system_stm32f10x.c...
compiling led.c...
compiling lcd.c...
compiling key.c...
compiling spi.c...
compiling MMC_SD.C...
compiling ff.c...
compiling cc936.c...
compiling flash.c...
compiling usmart.c...
compiling usmart_str.c...
compiling usmart_config.c...
compiling diskio.c...
compiling fattester.c...
compiling exfuns.c...
compiling rtc.c...
compiling delay.c...
compiling sys.c...
compiling usart.c...
compiling core_cm3.c...
assembling startup_stm32f10x_hd.s...
compiling stm32f10x_gpio.c...
compiling stm32f10x_rcc.c...
compiling stm32f10x_usart.c...
compiling misc.c...
compiling stm32f10x_spi.c...
compiling stm32f10x_bkp.c...
compiling stm32f10x_pwr.c...
compiling stm32f10x_rtc.c...
compiling stm32f10x_tim.c...
compiling malloc.c...
linking...
Program Size: Code=35630 RO-data=176590 RW-data=916 ZI-data=44108  
FromELF: creating hex file...
"..\OBJ\SD.axf" - 0 Error(s), 5 Warning(s).

<h2>Collection of Component include folders:</h2>
  D:\汽车姿态检测\STM32资料\2，标准例程-V3.5库函数版本\ALIENTEK MINISTM32 实验28 SD卡实验\USER\RTE
  D:\keil 5\ARM\PACK\Keil\STM32F1xx_DFP\2.2.0

<h2>Collection of Component Files used:</h2>
</pre>
</body>
</html>
