<html>
<body>
<pre>
<h1>礦ision Build Log</h1>
<h2>Tool Versions:</h2>
IDE-Version: μVision V5.14.0.0
Copyright (C) 2015 ARM Ltd and ARM Germany GmbH. All rights reserved.
License Information: shu shuyi, 123, LIC=1WS74-FRMP2-GN4A5-G7RQ8-DHAEE-KA8HS
 
Tool Versions:
Toolchain:       MDK-ARM Professional  Version: 5.14.0.0
Toolchain Path:  C:\Program Files\keil\ARM\ARMCC\Bin
C Compiler:      Armcc.exe V5.05 update 1 (build 106)
Assembler:       Armasm.exe V5.05 update 1 (build 106)
Linker/Locator:  ArmLink.exe V5.05 update 1 (build 106)
Library Manager: ArmAr.exe V5.05 update 1 (build 106)
Hex Converter:   FromElf.exe V5.05 update 1 (build 106)
CPU DLL:         SARMCM3.DLL V5.14.0.0
Dialog DLL:      DARMSTM.DLL V1.65.0.0
Target DLL:      STLink\ST-LINKIII-KEIL_SWO.dll V2.0.14.0_KEIL
Dialog DLL:        TARMSTM.DLL   
 
<h2>Project:</h2>
C:\Users\shuyi\Desktop\JIMI\程序\new\7.24\USER\USART.uvprojx
Project File Date:  07/18/2019

<h2>Output:</h2>
Rebuild target 'Target 1'
compiling main.c...
main.c(109): warning:  #223-D: function "mf_open" declared implicitly
                mf_open(tbuf,0x02);//配置文件为写入模式
main.c(111): warning:  #223-D: function "mf_lseek" declared implicitly
                mf_lseek(lo);//将写入位置移至已写入数据末端
main.c(116): warning:  #223-D: function "mf_write" declared implicitly
        mf_write((const TCHAR *)bb,8);//写入X轴加速度原始数据
main.c(164): warning:  #223-D: function "mf_tell" declared implicitly
                mf_tell();//获取已写入的数据的末端位置
main.c(167): warning:  #223-D: function "mf_close" declared implicitly
                mf_close();//每次写入完毕，关闭文件，否则数据将丢失
main.c(538): warning:  #223-D: function "mf_open" declared implicitly
        mf_open(tbuf,0x04);//创建一个新的文件，若文件存在则函数失败
main.c(540): warning:  #223-D: function "mf_close" declared implicitly
        mf_close();
main.c(478): warning:  #177-D: variable "old_temp" was declared but never referenced
    float old_temp,new_temp;//温度原始数据和转换后的数据
main.c(478): warning:  #177-D: variable "new_temp" was declared but never referenced
    float old_temp,new_temp;//温度原始数据和转换后的数据
main.c(491): warning:  #177-D: variable "ggx" was declared but never referenced
    short ggx,ggy,ggz;      //角速度原始数据
main.c(491): warning:  #177-D: variable "ggy" was declared but never referenced
    short ggx,ggy,ggz;      //角速度原始数据
main.c(491): warning:  #177-D: variable "ggz" was declared but never referenced
    short ggx,ggy,ggz;      //角速度原始数据
main.c(492): warning:  #177-D: variable "GS" was declared but never referenced
    float GS=4000.0/65536;  //陀螺仪的灵敏度
main.c(493): warning:  #177-D: variable "gx" was declared but never referenced
    float gx,gy,gz;     
main.c(493): warning:  #177-D: variable "gy" was declared but never referenced
    float gx,gy,gz;     
main.c(493): warning:  #177-D: variable "gz" was declared but never referenced
    float gx,gy,gz;     
main.c: 16 warnings, 0 errors
compiling stm32f10x_it.c...
compiling system_stm32f10x.c...
compiling led.c...
compiling mpu6050.c...
compiling mpuiic.c...
compiling key.c...
compiling inv_mpu.c...
compiling inv_mpu_dmp_motion_driver.c...
compiling exfuns.c...
compiling fattester.c...
compiling cc936.c...
compiling diskio.c...
compiling ff.c...
compiling flash.c...
compiling rtc.c...
compiling MMC_SD.C...
compiling spi.c...
compiling malloc.c...
compiling misc.c...
compiling stm32f10x_usart.c...
compiling stm32f10x_tim.c...
compiling stm32f10x_spi.c...
compiling stm32f10x_rtc.c...
compiling stm32f10x_pwr.c...
compiling usmart.c...
compiling usmart_config.c...
compiling usmart_str.c...
compiling stm32f10x_bkp.c...
compiling delay.c...
compiling sys.c...
compiling usart.c...
compiling core_cm3.c...
assembling startup_stm32f10x_hd.s...
compiling stm32f10x_gpio.c...
compiling stm32f10x_rcc.c...
compiling stm32f10x_usart.c...
compiling misc.c...
linking...
..\OBJ\USART.axf: Warning: L6304W: Duplicate input file ..\obj\stm32f10x_usart_1.o ignored.
..\OBJ\USART.axf: Warning: L6304W: Duplicate input file ..\obj\misc_1.o ignored.
Program Size: Code=60540 RO-data=180308 RW-data=1280 ZI-data=43672  
Finished: 0 information, 2 warning and 0 error messages.
FromELF: creating hex file...
"..\OBJ\USART.axf" - 0 Error(s), 18 Warning(s).
</pre>
</body>
</html>
