Component: ARM Compiler 5.05 update 1 (build 106) Tool: armlink [4d0efa]

==============================================================================

Section Cross References

    main.o(.text) refers to fattester.o(.text) for mf_open
    main.o(.text) refers to delay.o(.text) for delay_ms
    main.o(.text) refers to f2d.o(.text) for __aeabi_f2d
    main.o(.text) refers to printfa.o(i.__0sprintf) for __2sprintf
    main.o(.text) refers to printfa.o(i.__0printf) for __2printf
    main.o(.text) refers to fadd.o(.text) for __aeabi_fadd
    main.o(.text) refers to fdiv.o(.text) for __aeabi_fdiv
    main.o(.text) refers to fmul.o(.text) for __aeabi_fmul
    main.o(.text) refers to main.o(.data) for t
    main.o(.text) refers to main.o(.bss) for tbuf
    main.o(.text) refers to main.o(.constdata) for newline
    main.o(.text) refers to sqrt.o(i.sqrt) for sqrt
    main.o(.text) refers to ddiv.o(.text) for __aeabi_ddiv
    main.o(.text) refers to atan.o(i.atan) for atan
    main.o(.text) refers to dmul.o(.text) for __aeabi_dmul
    main.o(.text) refers to d2f.o(.text) for __aeabi_d2f
    main.o(.text) refers to ffixi.o(.text) for __aeabi_f2iz
    main.o(.text) refers to dflti.o(.text) for __aeabi_i2d
    main.o(.text) refers to cdcmple.o(.text) for __aeabi_cdcmple
    main.o(.text) refers to cos.o(i.cos) for cos
    main.o(.text) refers to sin.o(i.sin) for sin
    main.o(.text) refers to cfrcmple.o(.text) for __aeabi_cfrcmple
    main.o(.text) refers to fflti.o(.text) for __aeabi_i2f
    main.o(.text) refers to cdrcmple.o(.text) for __aeabi_cdrcmple
    main.o(.text) refers to cfcmple.o(.text) for __aeabi_cfcmple
    main.o(.text) refers to misc_1.o(.text) for NVIC_PriorityGroupConfig
    main.o(.text) refers to usart.o(.text) for uart_init
    main.o(.text) refers to mpu6050.o(.text) for MPU_Init
    main.o(.text) refers to inv_mpu.o(.text) for mpu_dmp_init
    main.o(.text) refers to exfuns.o(.text) for exfuns_init
    main.o(.text) refers to malloc.o(.text) for mem_init
    main.o(.text) refers to rtc.o(.text) for RTC_Init
    main.o(.text) refers to mmc_sd.o(.text) for SD_Initialize
    main.o(.text) refers to ff.o(.text) for f_mount
    main.o(.text) refers to usmart_config.o(.data) for usmart_dev
    main.o(.text) refers to exfuns.o(.data) for fs
    main.o(.text) refers to rtc.o(.bss) for calendar
    main.o(.text) refers to usart.o(.data) for USART_RX_STA
    system_stm32f10x.o(.text) refers to system_stm32f10x.o(.data) for SystemCoreClock
    led.o(.text) refers to stm32f10x_rcc.o(.text) for RCC_APB2PeriphClockCmd
    led.o(.text) refers to stm32f10x_gpio.o(.text) for GPIO_Init
    mpu6050.o(.text) refers to mpuiic.o(.text) for MPU_IIC_Start
    mpu6050.o(.text) refers to delay.o(.text) for delay_ms
    mpu6050.o(.text) refers to dflti.o(.text) for __aeabi_i2d
    mpu6050.o(.text) refers to ddiv.o(.text) for __aeabi_ddiv
    mpu6050.o(.text) refers to dadd.o(.text) for __aeabi_dadd
    mpu6050.o(.text) refers to d2f.o(.text) for __aeabi_d2f
    mpu6050.o(.text) refers to fmul.o(.text) for __aeabi_fmul
    mpu6050.o(.text) refers to ffixi.o(.text) for __aeabi_f2iz
    mpuiic.o(.text) refers to delay.o(.text) for delay_us
    mpuiic.o(.text) refers to stm32f10x_rcc.o(.text) for RCC_APB2PeriphClockCmd
    mpuiic.o(.text) refers to stm32f10x_gpio.o(.text) for GPIO_Init
    key.o(.text) refers to stm32f10x_rcc.o(.text) for RCC_APB2PeriphClockCmd
    key.o(.text) refers to stm32f10x_gpio.o(.text) for GPIO_PinRemapConfig
    key.o(.text) refers to delay.o(.text) for delay_ms
    key.o(.text) refers to key.o(.data) for key_up
    inv_mpu.o(.text) refers to mpu6050.o(.text) for MPU_Write_Len
    inv_mpu.o(.text) refers to printfa.o(i.__0printf) for __2printf
    inv_mpu.o(.text) refers to delay.o(.text) for delay_ms
    inv_mpu.o(.text) refers to inv_mpu.o(.data) for st
    inv_mpu.o(.text) refers to ffltui.o(.text) for __aeabi_ui2f
    inv_mpu.o(.text) refers to fflti.o(.text) for __aeabi_i2f
    inv_mpu.o(.text) refers to fadd.o(.text) for __aeabi_fsub
    inv_mpu.o(.text) refers to fdiv.o(.text) for __aeabi_fdiv
    inv_mpu.o(.text) refers to fmul.o(.text) for __aeabi_fmul
    inv_mpu.o(.text) refers to ffixi.o(.text) for __aeabi_f2iz
    inv_mpu.o(.text) refers to inv_mpu.o(.conststring) for .conststring
    inv_mpu.o(.text) refers to cfcmple.o(.text) for __aeabi_cfcmpeq
    inv_mpu.o(.text) refers to cfrcmple.o(.text) for __aeabi_cfrcmple
    inv_mpu.o(.text) refers to inv_mpu.o(.constdata) for test
    inv_mpu.o(.text) refers to ldiv.o(.text) for __aeabi_ldivmod
    inv_mpu.o(.text) refers to memcmp.o(.text) for memcmp
    inv_mpu.o(.text) refers to inv_mpu_dmp_motion_driver.o(.text) for dmp_set_gyro_bias
    inv_mpu.o(.text) refers to mpuiic.o(.text) for MPU_IIC_Init
    inv_mpu.o(.text) refers to f2d.o(.text) for __aeabi_f2d
    inv_mpu.o(.text) refers to asin.o(i.asin) for asin
    inv_mpu.o(.text) refers to dmul.o(.text) for __aeabi_dmul
    inv_mpu.o(.text) refers to d2f.o(.text) for __aeabi_d2f
[...]
    Angle_Vkalman                            0x080004d3   Thumb Code   678  main.o(.text)
    angelkalman                              0x08000779   Thumb Code   136  main.o(.text)
    angle                                    0x08000801   Thumb Code   352  main.o(.text)
    cal_xy                                   0x08000961   Thumb Code   946  main.o(.text)
    AccelertedVelocityJudge                  0x08000d13   Thumb Code   366  main.o(.text)
    Yaw_Judge                                0x08000e81   Thumb Code   488  main.o(.text)
    main                                     0x08001069   Thumb Code  1084  main.o(.text)
    NMI_Handler                              0x080014a5   Thumb Code     2  stm32f10x_it.o(.text)
    HardFault_Handler                        0x080014a7   Thumb Code     4  stm32f10x_it.o(.text)
    MemManage_Handler                        0x080014ab   Thumb Code     4  stm32f10x_it.o(.text)
    BusFault_Handler                         0x080014af   Thumb Code     4  stm32f10x_it.o(.text)
    UsageFault_Handler                       0x080014b3   Thumb Code     4  stm32f10x_it.o(.text)
    SVC_Handler                              0x080014b7   Thumb Code     2  stm32f10x_it.o(.text)
    DebugMon_Handler                         0x080014b9   Thumb Code     2  stm32f10x_it.o(.text)
    PendSV_Handler                           0x080014bb   Thumb Code     2  stm32f10x_it.o(.text)
    SysTick_Handler                          0x080014bd   Thumb Code     2  stm32f10x_it.o(.text)
    SystemInit                               0x0800159f   Thumb Code    78  system_stm32f10x.o(.text)
    SystemCoreClockUpdate                    0x080015ed   Thumb Code   142  system_stm32f10x.o(.text)
    MPU_Write_Byte                           0x080016a1   Thumb Code    68  mpu6050.o(.text)
    MPU_Set_LPF                              0x080016e5   Thumb Code    58  mpu6050.o(.text)
    MPU_Set_Rate                             0x0800171f   Thumb Code    58  mpu6050.o(.text)
    MPU_Read_Byte                            0x08001759   Thumb Code    58  mpu6050.o(.text)
    MPU_Set_Accel_Fsr                        0x08001793   Thumb Code    16  mpu6050.o(.text)
    MPU_Set_Gyro_Fsr                         0x080017a3   Thumb Code    16  mpu6050.o(.text)
    MPU_Init                                 0x080017b3   Thumb Code   122  mpu6050.o(.text)
    MPU_Read_Len                             0x0800182d   Thumb Code   116  mpu6050.o(.text)
    MPU_Get_Temperature                      0x080018a1   Thumb Code    86  mpu6050.o(.text)
    MPU_Get_Gyroscope                        0x080018f7   Thumb Code    80  mpu6050.o(.text)
    MPU_Get_Accelerometer                    0x08001947   Thumb Code    80  mpu6050.o(.text)
    MPU_Write_Len                            0x08001997   Thumb Code    96  mpu6050.o(.text)
    MPU_IIC_Delay                            0x08001a09   Thumb Code    10  mpuiic.o(.text)
    MPU_IIC_Init                             0x08001a13   Thumb Code    50  mpuiic.o(.text)
    MPU_IIC_Start                            0x08001a45   Thumb Code    60  mpuiic.o(.text)
    MPU_IIC_Stop                             0x08001a81   Thumb Code    62  mpuiic.o(.text)
    MPU_IIC_Wait_Ack                         0x08001abf   Thumb Code    86  mpuiic.o(.text)
    MPU_IIC_Ack                              0x08001b15   Thumb Code    66  mpuiic.o(.text)
    MPU_IIC_NAck                             0x08001b57   Thumb Code    66  mpuiic.o(.text)
    MPU_IIC_Send_Byte                        0x08001b99   Thumb Code    82  mpuiic.o(.text)
    MPU_IIC_Read_Byte                        0x08001beb   Thumb Code    96  mpuiic.o(.text)
    mpu_reg_dump                             0x08001ce3   Thumb Code    84  inv_mpu.o(.text)
    mpu_read_reg                             0x08001d37   Thumb Code    66  inv_mpu.o(.text)
    mpu_set_int_latched                      0x08001d79   Thumb Code   102  inv_mpu.o(.text)
    mpu_set_sensors                          0x08001ddf   Thumb Code   202  inv_mpu.o(.text)
    mpu_set_bypass                           0x08001ea9   Thumb Code   328  inv_mpu.o(.text)
    mpu_reset_fifo                           0x08001ff1   Thumb Code   472  inv_mpu.o(.text)
    mpu_configure_fifo                       0x080021c9   Thumb Code   106  inv_mpu.o(.text)
    mpu_set_lpf                              0x08002233   Thumb Code   126  inv_mpu.o(.text)
    mpu_lp_accel_mode                        0x080022b1   Thumb Code   218  inv_mpu.o(.text)
    mpu_set_sample_rate                      0x0800238b   Thumb Code   152  inv_mpu.o(.text)
    mpu_set_accel_fsr                        0x08002423   Thumb Code   132  inv_mpu.o(.text)
    mpu_set_gyro_fsr                         0x080024a7   Thumb Code   132  inv_mpu.o(.text)
    mpu_init                                 0x0800252b   Thumb Code   416  inv_mpu.o(.text)
    mget_ms                                  0x080026cb   Thumb Code     2  inv_mpu.o(.text)
    mpu_get_gyro_reg                         0x080026cd   Thumb Code   110  inv_mpu.o(.text)
    mpu_get_accel_reg                        0x0800273b   Thumb Code   110  inv_mpu.o(.text)
    mpu_get_temperature                      0x080027a9   Thumb Code   150  inv_mpu.o(.text)
    mpu_set_accel_bias                       0x0800283f   Thumb Code   468  inv_mpu.o(.text)
    mpu_get_gyro_fsr                         0x08002a13   Thumb Code    64  inv_mpu.o(.text)
    mpu_get_accel_fsr                        0x08002a53   Thumb Code    72  inv_mpu.o(.text)
    mpu_get_lpf                              0x08002a9b   Thumb Code    74  inv_mpu.o(.text)
    mpu_get_sample_rate                      0x08002ae5   Thumb Code    26  inv_mpu.o(.text)
    mpu_get_compass_sample_rate              0x08002aff   Thumb Code    10  inv_mpu.o(.text)
    mpu_set_compass_sample_rate              0x08002b09   Thumb Code     8  inv_mpu.o(.text)
    mpu_get_gyro_sens                        0x08002b11   Thumb Code    58  inv_mpu.o(.text)
    mpu_get_accel_sens                       0x08002b4b   Thumb Code    78  inv_mpu.o(.text)
    mpu_get_fifo_config                      0x08002b99   Thumb Code    12  inv_mpu.o(.text)
    mpu_get_power_state                      0x08002ba5   Thumb Code    22  inv_mpu.o(.text)
    mpu_get_int_status                       0x08002bbb   Thumb Code    64  inv_mpu.o(.text)
    mpu_read_fifo                            0x08002bfb   Thumb Code   520  inv_mpu.o(.text)
    mpu_read_fifo_stream                     0x08002e03   Thumb Code   166  inv_mpu.o(.text)
    mpu_set_int_level                        0x08002ea9   Thumb Code    12  inv_mpu.o(.text)
    mpu_set_dmp_state                        0x08003589   Thumb Code   138  inv_mpu.o(.text)
    mpu_run_self_test                        0x08003613   Thumb Code   278  inv_mpu.o(.text)
    mpu_write_mem                            0x08003729   Thumb Code   122  inv_mpu.o(.text)
    mpu_read_mem                             0x080037a3   Thumb Code   122  inv_mpu.o(.text)
    mpu_load_firmware                        0x0800381d   Thumb Code   190  inv_mpu.o(.text)
    mpu_get_dmp_state                        0x080038db   Thumb Code    14  inv_mpu.o(.text)
    setup_compass                            0x080038e9   Thumb Code     6  inv_mpu.o(.text)
    mpu_get_compass_reg                      0x080038ef   Thumb Code     8  inv_mpu.o(.text)
    mpu_get_compass_fsr                      0x080038f7   Thumb Code     8  inv_mpu.o(.text)
    mpu_lp_motion_interrupt                  0x080038ff   Thumb Code   512  inv_mpu.o(.text)
    run_self_test                            0x08003aff   Thumb Code   148  inv_mpu.o(.text)
    inv_row_2_scale                          0x08003b93   Thumb Code    78  inv_mpu.o(.text)
    inv_orientation_matrix_to_scalar         0x08003be1   Thumb Code    40  inv_mpu.o(.text)
    mpu_dmp_init                             0x08003c09   Thumb Code   154  inv_mpu.o(.text)
    mpu_dmp_get_data                         0x08003ca3   Thumb Code   554  inv_mpu.o(.text)
    dmp_load_motion_driver_firmware          0x08003ed1   Thumb Code    20  inv_mpu_dmp_motion_driver.o(.text)
    dmp_set_orientation                      0x08003ee5   Thumb Code   290  inv_mpu_dmp_motion_driver.o(.text)
    dmp_set_gyro_bias                        0x08004007   Thumb Code   294  inv_mpu_dmp_motion_driver.o(.text)
    dmp_set_accel_bias                       0x0800412d   Thumb Code   300  inv_mpu_dmp_motion_driver.o(.text)
    dmp_set_fifo_rate                        0x08004259   Thumb Code   136  inv_mpu_dmp_motion_driver.o(.text)
    dmp_get_fifo_rate                        0x080042e1   Thumb Code    12  inv_mpu_dmp_motion_driver.o(.text)
    dmp_set_tap_thresh                       0x080042ed   Thumb Code   396  inv_mpu_dmp_motion_driver.o(.text)
    dmp_set_tap_axes                         0x08004479   Thumb Code    70  inv_mpu_dmp_motion_driver.o(.text)
    dmp_set_tap_count                        0x080044bf   Thumb Code    38  inv_mpu_dmp_motion_driver.o(.text)
    dmp_set_tap_time                         0x080044e5   Thumb Code    38  inv_mpu_dmp_motion_driver.o(.text)
    dmp_set_tap_time_multi                   0x0800450b   Thumb Code    38  inv_mpu_dmp_motion_driver.o(.text)
    dmp_set_shake_reject_thresh              0x08004531   Thumb Code    56  inv_mpu_dmp_motion_driver.o(.text)
    dmp_set_shake_reject_time                0x08004569   Thumb Code    38  inv_mpu_dmp_motion_driver.o(.text)
    dmp_set_shake_reject_timeout             0x0800458f   Thumb Code    38  inv_mpu_dmp_motion_driver.o(.text)
    dmp_get_pedometer_step_count             0x080045b5   Thumb Code    66  inv_mpu_dmp_motion_driver.o(.text)
    dmp_set_pedometer_step_count             0x080045f7   Thumb Code    42  inv_mpu_dmp_motion_driver.o(.text)
    dmp_get_pedometer_walk_time              0x08004621   Thumb Code    72  inv_mpu_dmp_motion_driver.o(.text)
    dmp_set_pedometer_walk_time              0x08004669   Thumb Code    48  inv_mpu_dmp_motion_driver.o(.text)
    dmp_enable_6x_lp_quat                    0x08004699   Thumb Code    84  inv_mpu_dmp_motion_driver.o(.text)
    dmp_enable_lp_quat                       0x080046ed   Thumb Code    60  inv_mpu_dmp_motion_driver.o(.text)
    dmp_enable_gyro_cal                      0x08004729   Thumb Code    62  inv_mpu_dmp_motion_driver.o(.text)
    dmp_enable_feature                       0x08004767   Thumb Code   530  inv_mpu_dmp_motion_driver.o(.text)
    dmp_get_enabled_features                 0x08004979   Thumb Code    12  inv_mpu_dmp_motion_driver.o(.text)
    dmp_set_interrupt_mode                   0x080049e3   Thumb Code    66  inv_mpu_dmp_motion_driver.o(.text)
    dmp_read_fifo                            0x08004a25   Thumb Code   514  inv_mpu_dmp_motion_driver.o(.text)
    dmp_register_tap_cb                      0x08004c27   Thumb Code    10  inv_mpu_dmp_motion_driver.o(.text)
    dmp_register_android_orient_cb           0x08004c31   Thumb Code    10  inv_mpu_dmp_motion_driver.o(.text)
    exfuns_init                              0x08004c41   Thumb Code   100  exfuns.o(.text)
    char_upper                               0x08004ca5   Thumb Code    26  exfuns.o(.text)
    f_typetell                               0x08004cbf   Thumb Code   188  exfuns.o(.text)
    exf_getfree                              0x08004d7b   Thumb Code    74  exfuns.o(.text)
    mf_mount                                 0x08004dd9   Thumb Code    20  fattester.o(.text)
    mf_open                                  0x08004ded   Thumb Code    24  fattester.o(.text)
    mf_close                                 0x08004e05   Thumb Code    14  fattester.o(.text)
    mf_read                                  0x08004e13   Thumb Code   224  fattester.o(.text)
    mf_write                                 0x08004ef3   Thumb Code    68  fattester.o(.text)
    mf_opendir                               0x08004f37   Thumb Code    14  fattester.o(.text)
    mf_closedir                              0x08004f45   Thumb Code    10  fattester.o(.text)
    mf_readdir                               0x08004f4f   Thumb Code   196  fattester.o(.text)
    mf_scan_files                            0x08005013   Thumb Code   114  fattester.o(.text)
    mf_showfree                              0x08005085   Thumb Code    88  fattester.o(.text)
    mf_lseek                                 0x080050dd   Thumb Code    16  fattester.o(.text)
    mf_tell                                  0x080050ed   Thumb Code     8  fattester.o(.text)
    mf_size                                  0x080050f5   Thumb Code     8  fattester.o(.text)
    mf_mkdir                                 0x080050fd   Thumb Code    12  fattester.o(.text)
    mf_fmkfs                                 0x08005109   Thumb Code    20  fattester.o(.text)
    mf_unlink                                0x0800511d   Thumb Code    12  fattester.o(.text)
    mf_rename                                0x08005129   Thumb Code    16  fattester.o(.text)
    mf_getlabel                              0x08005139   Thumb Code    58  fattester.o(.text)
    mf_setlabel                              0x08005173   Thumb Code    34  fattester.o(.text)
    mf_gets                                  0x08005195   Thumb Code   724  fattester.o(.text)
    mf_putc                                  0x08005469   Thumb Code    18  fattester.o(.text)
    mf_puts                                  0x0800547b   Thumb Code    18  fattester.o(.text)
    ff_convert                               0x08005491   Thumb Code   116  cc936.o(.text)
    ff_wtoupper                              0x08005505   Thumb Code    46  cc936.o(.text)
    disk_initialize                          0x08005545   Thumb Code    88  diskio.o(.text)
    disk_status                              0x0800559d   Thumb Code     6  diskio.o(.text)
    disk_read                                0x080055a3   Thumb Code   118  diskio.o(.text)
    disk_write                               0x08005619   Thumb Code    98  diskio.o(.text)
    disk_ioctl                               0x0800567b   Thumb Code   154  diskio.o(.text)
    get_fattime                              0x08005715   Thumb Code     4  diskio.o(.text)
    ff_memalloc                              0x08005719   Thumb Code    12  diskio.o(.text)
    ff_memfree                               0x08005725   Thumb Code    12  diskio.o(.text)
    clust2sect                               0x080058eb   Thumb Code    26  ff.o(.text)
    get_fat                                  0x08005905   Thumb Code   232  ff.o(.text)
    put_fat                                  0x080059ed   Thumb Code   310  ff.o(.text)
    f_mount                                  0x08006cff   Thumb Code    86  ff.o(.text)
    f_open                                   0x08006d55   Thumb Code   384  ff.o(.text)
    f_read                                   0x08006ed5   Thumb Code   450  ff.o(.text)
    f_write                                  0x08007097   Thumb Code   498  ff.o(.text)
    f_sync                                   0x08007289   Thumb Code   176  ff.o(.text)
    f_close                                  0x08007339   Thumb Code    32  ff.o(.text)
    f_lseek                                  0x08007359   Thumb Code   654  ff.o(.text)
    f_opendir                                0x080075e7   Thumb Code   136  ff.o(.text)
    f_closedir                               0x0800766f   Thumb Code    22  ff.o(.text)
    f_readdir                                0x08007685   Thumb Code   114  ff.o(.text)
    f_stat                                   0x080076f7   Thumb Code    84  ff.o(.text)
    f_getfree                                0x0800774b   Thumb Code   258  ff.o(.text)
    f_truncate                               0x0800784d   Thumb Code   184  ff.o(.text)
    f_unlink                                 0x08007905   Thumb Code   194  ff.o(.text)
    f_mkdir                                  0x080079c7   Thumb Code   380  ff.o(.text)
    f_chmod                                  0x08007b43   Thumb Code   112  ff.o(.text)
    f_utime                                  0x08007bb3   Thumb Code   110  ff.o(.text)
    f_rename                                 0x08007c21   Thumb Code   314  ff.o(.text)
    f_getlabel                               0x08007d5b   Thumb Code   190  ff.o(.text)
    f_setlabel                               0x08007e19   Thumb Code   470  ff.o(.text)
    f_mkfs                                   0x08007fef   Thumb Code  1570  ff.o(.text)
    f_gets                                   0x08008611   Thumb Code    82  ff.o(.text)
    f_putc                                   0x080086a7   Thumb Code    64  ff.o(.text)
    f_puts                                   0x080086e7   Thumb Code    74  ff.o(.text)
    f_printf                                 0x08008731   Thumb Code   674  ff.o(.text)
    SPI_Flash_ReadID                         0x080089d5   Thumb Code    64  flash.o(.text)
    SPI_Flash_Init                           0x08008a15   Thumb Code    64  flash.o(.text)
    SPI_Flash_ReadSR                         0x08008a55   Thumb Code    36  flash.o(.text)
    SPI_FLASH_Write_SR                       0x08008a79   Thumb Code    32  flash.o(.text)
    SPI_FLASH_Write_Enable                   0x08008a99   Thumb Code    24  flash.o(.text)
    SPI_FLASH_Write_Disable                  0x08008ab1   Thumb Code    24  flash.o(.text)
    SPI_Flash_Read                           0x08008ac9   Thumb Code    74  flash.o(.text)
    SPI_Flash_Wait_Busy                      0x08008b13   Thumb Code    18  flash.o(.text)
    SPI_Flash_Write_Page                     0x08008b25   Thumb Code    80  flash.o(.text)
    SPI_Flash_Write_NoCheck                  0x08008b75   Thumb Code    70  flash.o(.text)
    SPI_Flash_Erase_Sector                   0x08008bbb   Thumb Code    62  flash.o(.text)
    SPI_Flash_Write                          0x08008bf9   Thumb Code   176  flash.o(.text)
    SPI_Flash_Erase_Chip                     0x08008ca9   Thumb Code    36  flash.o(.text)
    SPI_Flash_PowerDown                      0x08008ccd   Thumb Code    30  flash.o(.text)
    SPI_Flash_WAKEUP                         0x08008ceb   Thumb Code    30  flash.o(.text)
    RTC_Get_Week                             0x08008d3d   Thumb Code   116  rtc.o(.text)
    Is_Leap_Year                             0x08008db1   Thumb Code    58  rtc.o(.text)
    RTC_Get                                  0x08008deb   Thumb Code   240  rtc.o(.text)
    RTC_Set                                  0x08008edb   Thumb Code   188  rtc.o(.text)
    RTC_Init                                 0x08008f97   Thumb Code   190  rtc.o(.text)
    RTC_IRQHandler                           0x08009055   Thumb Code    40  rtc.o(.text)
    SD_SPI_ReadWriteByte                     0x08009099   Thumb Code    12  mmc_sd.o(.text)
    SD_SPI_SpeedLow                          0x080090a5   Thumb Code    10  mmc_sd.o(.text)
    SD_SPI_SpeedHigh                         0x080090af   Thumb Code    10  mmc_sd.o(.text)
    SD_SPI_Init                              0x080090b9   Thumb Code    56  mmc_sd.o(.text)
    SD_DisSelect                             0x080090f1   Thumb Code    16  mmc_sd.o(.text)
    SD_WaitReady                             0x08009101   Thumb Code    34  mmc_sd.o(.text)
    SD_Select                                0x08009123   Thumb Code    26  mmc_sd.o(.text)
    SD_GetResponse                           0x0800913d   Thumb Code    38  mmc_sd.o(.text)
    SD_RecvData                              0x08009163   Thumb Code    56  mmc_sd.o(.text)
    SD_SendBlock                             0x0800919b   Thumb Code    82  mmc_sd.o(.text)
    SD_SendCmd                               0x080091ed   Thumb Code   120  mmc_sd.o(.text)
    SD_GetCID                                0x08009265   Thumb Code    42  mmc_sd.o(.text)
    SD_GetCSD                                0x0800928f   Thumb Code    42  mmc_sd.o(.text)
    SD_GetSectorCount                        0x080092b9   Thumb Code   118  mmc_sd.o(.text)
    SD_Initialize                            0x0800932f   Thumb Code   398  mmc_sd.o(.text)
    SD_ReadDisk                              0x080094bd   Thumb Code   112  mmc_sd.o(.text)
    SD_WriteDisk                             0x0800952d   Thumb Code   140  mmc_sd.o(.text)
    SPI1_ReadWriteByte                       0x080095bd   Thumb Code    78  spi.o(.text)
    SPI1_Init                                0x0800960b   Thumb Code   108  spi.o(.text)
    SPI1_SetSpeed                            0x08009677   Thumb Code    26  spi.o(.text)
    mymemcpy                                 0x0800969d   Thumb Code    26  malloc.o(.text)
    mymemset                                 0x080096b7   Thumb Code    20  malloc.o(.text)
    mem_init                                 0x080096cb   Thumb Code    38  malloc.o(.text)
    mem_perused                              0x080096f1   Thumb Code    42  malloc.o(.text)
    mem_malloc                               0x0800971b   Thumb Code   116  malloc.o(.text)
    mem_free                                 0x0800978f   Thumb Code    66  malloc.o(.text)
    myfree                                   0x080097d1   Thumb Code    24  malloc.o(.text)
    mymalloc                                 0x080097e9   Thumb Code    28  malloc.o(.text)
    myrealloc                                0x08009805   Thumb Code    50  malloc.o(.text)
    NVIC_PriorityGroupConfig                 0x0800983d   Thumb Code    10  misc_1.o(.text)
    NVIC_Init                                0x08009847   Thumb Code   100  misc_1.o(.text)
    NVIC_SetVectorTable                      0x080098ab   Thumb Code    14  misc_1.o(.text)
    NVIC_SystemLPConfig                      0x080098b9   Thumb Code    34  misc_1.o(.text)
    SysTick_CLKSourceConfig                  0x080098db   Thumb Code    40  misc_1.o(.text)
    USART_DeInit                             0x08009919   Thumb Code   134  stm32f10x_usart_1.o(.text)
    USART_Init                               0x0800999f   Thumb Code   210  stm32f10x_usart_1.o(.text)
    USART_StructInit                         0x08009a71   Thumb Code    24  stm32f10x_usart_1.o(.text)
    USART_ClockInit                          0x08009a89   Thumb Code    34  stm32f10x_usart_1.o(.text)
    USART_ClockStructInit                    0x08009aab   Thumb Code    12  stm32f10x_usart_1.o(.text)
    USART_Cmd                                0x08009ab7   Thumb Code    24  stm32f10x_usart_1.o(.text)
    USART_ITConfig                           0x08009acf   Thumb Code    74  stm32f10x_usart_1.o(.text)
    USART_DMACmd                             0x08009b19   Thumb Code    18  stm32f10x_usart_1.o(.text)
    USART_SetAddress                         0x08009b2b   Thumb Code    18  stm32f10x_usart_1.o(.text)
    USART_WakeUpConfig                       0x08009b3d   Thumb Code    18  stm32f10x_usart_1.o(.text)
    USART_ReceiverWakeUpCmd                  0x08009b4f   Thumb Code    24  stm32f10x_usart_1.o(.text)
    USART_LINBreakDetectLengthConfig         0x08009b67   Thumb Code    18  stm32f10x_usart_1.o(.text)
    USART_LINCmd                             0x08009b79   Thumb Code    24  stm32f10x_usart_1.o(.text)
    USART_SendData                           0x08009b91   Thumb Code     8  stm32f10x_usart_1.o(.text)
    USART_ReceiveData                        0x08009b99   Thumb Code    10  stm32f10x_usart_1.o(.text)
    USART_SendBreak                          0x08009ba3   Thumb Code    10  stm32f10x_usart_1.o(.text)
    USART_SetGuardTime                       0x08009bad   Thumb Code    16  stm32f10x_usart_1.o(.text)
    USART_SetPrescaler                       0x08009bbd   Thumb Code    16  stm32f10x_usart_1.o(.text)
    USART_SmartCardCmd                       0x08009bcd   Thumb Code    24  stm32f10x_usart_1.o(.text)
    USART_SmartCardNACKCmd                   0x08009be5   Thumb Code    24  stm32f10x_usart_1.o(.text)
    USART_HalfDuplexCmd                      0x08009bfd   Thumb Code    24  stm32f10x_usart_1.o(.text)
    USART_OverSampling8Cmd                   0x08009c15   Thumb Code    22  stm32f10x_usart_1.o(.text)
    USART_OneBitMethodCmd                    0x08009c2b   Thumb Code    24  stm32f10x_usart_1.o(.text)
    USART_IrDAConfig                         0x08009c43   Thumb Code    18  stm32f10x_usart_1.o(.text)
    USART_IrDACmd                            0x08009c55   Thumb Code    24  stm32f10x_usart_1.o(.text)
    USART_GetFlagStatus                      0x08009c6d   Thumb Code    26  stm32f10x_usart_1.o(.text)
    USART_ClearFlag                          0x08009c87   Thumb Code    18  stm32f10x_usart_1.o(.text)
    USART_GetITStatus                        0x08009c99   Thumb Code    84  stm32f10x_usart_1.o(.text)
    USART_ClearITPendingBit                  0x08009ced   Thumb Code    52  stm32f10x_usart_1.o(.text)
    TIM_DeInit                               0x08009d21   Thumb Code   424  stm32f10x_tim.o(.text)
    TIM_TimeBaseInit                         0x08009ec9   Thumb Code   122  stm32f10x_tim.o(.text)
    TIM_OC1Init                              0x08009f43   Thumb Code   132  stm32f10x_tim.o(.text)
    TIM_OC2Init                              0x08009fc7   Thumb Code   154  stm32f10x_tim.o(.text)
    TIM_OC3Init                              0x0800a061   Thumb Code   150  stm32f10x_tim.o(.text)
    TIM_OC4Init                              0x0800a0f7   Thumb Code   182  stm32f10x_tim.o(.text)
    TIM_SetIC4Prescaler                      0x0800a1ad   Thumb Code    26  stm32f10x_tim.o(.text)
    TIM_SetIC3Prescaler                      0x0800a249   Thumb Code    18  stm32f10x_tim.o(.text)
    TIM_SetIC2Prescaler                      0x0800a2d5   Thumb Code    26  stm32f10x_tim.o(.text)
    TIM_SetIC1Prescaler                      0x0800a371   Thumb Code    18  stm32f10x_tim.o(.text)
    TIM_ICInit                               0x0800a3ef   Thumb Code   150  stm32f10x_tim.o(.text)
    TIM_PWMIConfig                           0x0800a485   Thumb Code   124  stm32f10x_tim.o(.text)
    TIM_BDTRConfig                           0x0800a501   Thumb Code    32  stm32f10x_tim.o(.text)
    TIM_TimeBaseStructInit                   0x0800a521   Thumb Code    18  stm32f10x_tim.o(.text)
    TIM_OCStructInit                         0x0800a533   Thumb Code    20  stm32f10x_tim.o(.text)
    TIM_ICStructInit                         0x0800a547   Thumb Code    18  stm32f10x_tim.o(.text)
    TIM_BDTRStructInit                       0x0800a559   Thumb Code    40  stm32f10x_tim.o(.text)
    TIM_Cmd                                  0x0800a581   Thumb Code    24  stm32f10x_tim.o(.text)
    TIM_CtrlPWMOutputs                       0x0800a599   Thumb Code    30  stm32f10x_tim.o(.text)
    TIM_ITConfig                             0x0800a5b7   Thumb Code    18  stm32f10x_tim.o(.text)
    TIM_GenerateEvent                        0x0800a5c9   Thumb Code     4  stm32f10x_tim.o(.text)
    TIM_DMAConfig                            0x0800a5cd   Thumb Code    10  stm32f10x_tim.o(.text)
    TIM_DMACmd                               0x0800a5d7   Thumb Code    18  stm32f10x_tim.o(.text)
    TIM_InternalClockConfig                  0x0800a5e9   Thumb Code    12  stm32f10x_tim.o(.text)
    TIM_SelectInputTrigger                   0x0800a5f5   Thumb Code    18  stm32f10x_tim.o(.text)
    TIM_ITRxExternalClockConfig              0x0800a607   Thumb Code    24  stm32f10x_tim.o(.text)
    TIM_TIxExternalClockConfig               0x0800a61f   Thumb Code    62  stm32f10x_tim.o(.text)
    TIM_ETRConfig                            0x0800a65d   Thumb Code    28  stm32f10x_tim.o(.text)
    TIM_ETRClockMode1Config                  0x0800a679   Thumb Code    54  stm32f10x_tim.o(.text)
    TIM_ETRClockMode2Config                  0x0800a6af   Thumb Code    32  stm32f10x_tim.o(.text)
    TIM_PrescalerConfig                      0x0800a6cf   Thumb Code     6  stm32f10x_tim.o(.text)
    TIM_CounterModeConfig                    0x0800a6d5   Thumb Code    18  stm32f10x_tim.o(.text)
    TIM_EncoderInterfaceConfig               0x0800a6e7   Thumb Code    66  stm32f10x_tim.o(.text)
    TIM_ForcedOC1Config                      0x0800a729   Thumb Code    18  stm32f10x_tim.o(.text)
    TIM_ForcedOC2Config                      0x0800a73b   Thumb Code    26  stm32f10x_tim.o(.text)
    TIM_ForcedOC3Config                      0x0800a755   Thumb Code    18  stm32f10x_tim.o(.text)
    TIM_ForcedOC4Config                      0x0800a767   Thumb Code    26  stm32f10x_tim.o(.text)
    TIM_ARRPreloadConfig                     0x0800a781   Thumb Code    24  stm32f10x_tim.o(.text)
    TIM_SelectCOM                            0x0800a799   Thumb Code    24  stm32f10x_tim.o(.text)
    TIM_SelectCCDMA                          0x0800a7b1   Thumb Code    24  stm32f10x_tim.o(.text)
    TIM_CCPreloadControl                     0x0800a7c9   Thumb Code    24  stm32f10x_tim.o(.text)
    TIM_OC1PreloadConfig                     0x0800a7e1   Thumb Code    18  stm32f10x_tim.o(.text)
    TIM_OC2PreloadConfig                     0x0800a7f3   Thumb Code    26  stm32f10x_tim.o(.text)
    TIM_OC3PreloadConfig                     0x0800a80d   Thumb Code    18  stm32f10x_tim.o(.text)
    TIM_OC4PreloadConfig                     0x0800a81f   Thumb Code    26  stm32f10x_tim.o(.text)
    TIM_OC1FastConfig                        0x0800a839   Thumb Code    18  stm32f10x_tim.o(.text)
    TIM_OC2FastConfig                        0x0800a84b   Thumb Code    26  stm32f10x_tim.o(.text)
    TIM_OC3FastConfig                        0x0800a865   Thumb Code    18  stm32f10x_tim.o(.text)
    TIM_OC4FastConfig                        0x0800a877   Thumb Code    26  stm32f10x_tim.o(.text)
    TIM_ClearOC1Ref                          0x0800a891   Thumb Code    18  stm32f10x_tim.o(.text)
    TIM_ClearOC2Ref                          0x0800a8a3   Thumb Code    24  stm32f10x_tim.o(.text)
    TIM_ClearOC3Ref                          0x0800a8bb   Thumb Code    18  stm32f10x_tim.o(.text)
    TIM_ClearOC4Ref                          0x0800a8cd   Thumb Code    24  stm32f10x_tim.o(.text)
    TIM_OC1PolarityConfig                    0x0800a8e5   Thumb Code    18  stm32f10x_tim.o(.text)
    TIM_OC1NPolarityConfig                   0x0800a8f7   Thumb Code    18  stm32f10x_tim.o(.text)
    TIM_OC2PolarityConfig                    0x0800a909   Thumb Code    26  stm32f10x_tim.o(.text)
    TIM_OC2NPolarityConfig                   0x0800a923   Thumb Code    26  stm32f10x_tim.o(.text)
    TIM_OC3PolarityConfig                    0x0800a93d   Thumb Code    26  stm32f10x_tim.o(.text)
    TIM_OC3NPolarityConfig                   0x0800a957   Thumb Code    26  stm32f10x_tim.o(.text)
    TIM_OC4PolarityConfig                    0x0800a971   Thumb Code    26  stm32f10x_tim.o(.text)
    TIM_CCxCmd                               0x0800a98b   Thumb Code    30  stm32f10x_tim.o(.text)
    TIM_CCxNCmd                              0x0800a9a9   Thumb Code    30  stm32f10x_tim.o(.text)
    TIM_SelectOCxM                           0x0800a9c7   Thumb Code    82  stm32f10x_tim.o(.text)
    TIM_UpdateDisableConfig                  0x0800aa19   Thumb Code    24  stm32f10x_tim.o(.text)
    TIM_UpdateRequestConfig                  0x0800aa31   Thumb Code    24  stm32f10x_tim.o(.text)
    TIM_SelectHallSensor                     0x0800aa49   Thumb Code    24  stm32f10x_tim.o(.text)
    TIM_SelectOnePulseMode                   0x0800aa61   Thumb Code    18  stm32f10x_tim.o(.text)
    TIM_SelectOutputTrigger                  0x0800aa73   Thumb Code    18  stm32f10x_tim.o(.text)
    TIM_SelectSlaveMode                      0x0800aa85   Thumb Code    18  stm32f10x_tim.o(.text)
    TIM_SelectMasterSlaveMode                0x0800aa97   Thumb Code    18  stm32f10x_tim.o(.text)
    TIM_SetCounter                           0x0800aaa9   Thumb Code     4  stm32f10x_tim.o(.text)
    TIM_SetAutoreload                        0x0800aaad   Thumb Code     4  stm32f10x_tim.o(.text)
    TIM_SetCompare1                          0x0800aab1   Thumb Code     4  stm32f10x_tim.o(.text)
    TIM_SetCompare2                          0x0800aab5   Thumb Code     4  stm32f10x_tim.o(.text)
    TIM_SetCompare3                          0x0800aab9   Thumb Code     4  stm32f10x_tim.o(.text)
    TIM_SetCompare4                          0x0800aabd   Thumb Code     6  stm32f10x_tim.o(.text)
    TIM_SetClockDivision                     0x0800aac3   Thumb Code    18  stm32f10x_tim.o(.text)
    TIM_GetCapture1                          0x0800aad5   Thumb Code     6  stm32f10x_tim.o(.text)
    TIM_GetCapture2                          0x0800aadb   Thumb Code     6  stm32f10x_tim.o(.text)
    TIM_GetCapture3                          0x0800aae1   Thumb Code     6  stm32f10x_tim.o(.text)
    TIM_GetCapture4                          0x0800aae7   Thumb Code     8  stm32f10x_tim.o(.text)
    TIM_GetCounter                           0x0800aaef   Thumb Code     6  stm32f10x_tim.o(.text)
    TIM_GetPrescaler                         0x0800aaf5   Thumb Code     6  stm32f10x_tim.o(.text)
    TIM_GetFlagStatus                        0x0800aafb   Thumb Code    18  stm32f10x_tim.o(.text)
    TIM_ClearFlag                            0x0800ab0d   Thumb Code     6  stm32f10x_tim.o(.text)
    TIM_GetITStatus                          0x0800ab13   Thumb Code    34  stm32f10x_tim.o(.text)
    TIM_ClearITPendingBit                    0x0800ab35   Thumb Code     6  stm32f10x_tim.o(.text)
    SPI_I2S_DeInit                           0x0800ab3d   Thumb Code    76  stm32f10x_spi.o(.text)
    SPI_Init                                 0x0800ab89   Thumb Code    60  stm32f10x_spi.o(.text)
    I2S_Init                                 0x0800abc5   Thumb Code   226  stm32f10x_spi.o(.text)
    SPI_StructInit                           0x0800aca7   Thumb Code    24  stm32f10x_spi.o(.text)
    I2S_StructInit                           0x0800acbf   Thumb Code    20  stm32f10x_spi.o(.text)
    SPI_Cmd                                  0x0800acd3   Thumb Code    24  stm32f10x_spi.o(.text)
    I2S_Cmd                                  0x0800aceb   Thumb Code    24  stm32f10x_spi.o(.text)
    SPI_I2S_ITConfig                         0x0800ad03   Thumb Code    32  stm32f10x_spi.o(.text)
    SPI_I2S_DMACmd                           0x0800ad23   Thumb Code    18  stm32f10x_spi.o(.text)
    SPI_I2S_SendData                         0x0800ad35   Thumb Code     4  stm32f10x_spi.o(.text)
    SPI_I2S_ReceiveData                      0x0800ad39   Thumb Code     6  stm32f10x_spi.o(.text)
    SPI_NSSInternalSoftwareConfig            0x0800ad3f   Thumb Code    30  stm32f10x_spi.o(.text)
    SPI_SSOutputCmd                          0x0800ad5d   Thumb Code    24  stm32f10x_spi.o(.text)
    SPI_DataSizeConfig                       0x0800ad75   Thumb Code    18  stm32f10x_spi.o(.text)
    SPI_TransmitCRC                          0x0800ad87   Thumb Code    10  stm32f10x_spi.o(.text)
    SPI_CalculateCRC                         0x0800ad91   Thumb Code    24  stm32f10x_spi.o(.text)
    SPI_GetCRC                               0x0800ada9   Thumb Code    16  stm32f10x_spi.o(.text)
    SPI_GetCRCPolynomial                     0x0800adb9   Thumb Code     6  stm32f10x_spi.o(.text)
    SPI_BiDirectionalLineConfig              0x0800adbf   Thumb Code    28  stm32f10x_spi.o(.text)
    SPI_I2S_GetFlagStatus                    0x0800addb   Thumb Code    18  stm32f10x_spi.o(.text)
    SPI_I2S_ClearFlag                        0x0800aded   Thumb Code     6  stm32f10x_spi.o(.text)
    SPI_I2S_GetITStatus                      0x0800adf3   Thumb Code    52  stm32f10x_spi.o(.text)
    SPI_I2S_ClearITPendingBit                0x0800ae27   Thumb Code    20  stm32f10x_spi.o(.text)
    RTC_ITConfig                             0x0800ae49   Thumb Code    26  stm32f10x_rtc.o(.text)
    RTC_EnterConfigMode                      0x0800ae63   Thumb Code    18  stm32f10x_rtc.o(.text)
    RTC_ExitConfigMode                       0x0800ae75   Thumb Code    20  stm32f10x_rtc.o(.text)
    RTC_GetCounter                           0x0800ae89   Thumb Code    18  stm32f10x_rtc.o(.text)
    RTC_SetCounter                           0x0800ae9b   Thumb Code    26  stm32f10x_rtc.o(.text)
    RTC_SetPrescaler                         0x0800aeb5   Thumb Code    28  stm32f10x_rtc.o(.text)
    RTC_SetAlarm                             0x0800aed1   Thumb Code    26  stm32f10x_rtc.o(.text)
    RTC_GetDivider                           0x0800aeeb   Thumb Code    22  stm32f10x_rtc.o(.text)
    RTC_WaitForLastTask                      0x0800af01   Thumb Code    18  stm32f10x_rtc.o(.text)
    RTC_WaitForSynchro                       0x0800af13   Thumb Code    36  stm32f10x_rtc.o(.text)
    RTC_GetFlagStatus                        0x0800af37   Thumb Code    22  stm32f10x_rtc.o(.text)
    RTC_ClearFlag                            0x0800af4d   Thumb Code    16  stm32f10x_rtc.o(.text)
    RTC_GetITStatus                          0x0800af5d   Thumb Code    32  stm32f10x_rtc.o(.text)
    RTC_ClearITPendingBit                    0x0800af7d   Thumb Code    16  stm32f10x_rtc.o(.text)
    PWR_DeInit                               0x0800af91   Thumb Code    22  stm32f10x_pwr.o(.text)
    PWR_BackupAccessCmd                      0x0800afa7   Thumb Code     6  stm32f10x_pwr.o(.text)
    PWR_PVDCmd                               0x0800afad   Thumb Code     6  stm32f10x_pwr.o(.text)
    PWR_PVDLevelConfig                       0x0800afb3   Thumb Code    18  stm32f10x_pwr.o(.text)
    PWR_WakeUpPinCmd                         0x0800afc5   Thumb Code     8  stm32f10x_pwr.o(.text)
    PWR_EnterSTOPMode                        0x0800afcd   Thumb Code    54  stm32f10x_pwr.o(.text)
    PWR_EnterSTANDBYMode                     0x0800b003   Thumb Code    42  stm32f10x_pwr.o(.text)
    PWR_GetFlagStatus                        0x0800b02d   Thumb Code    20  stm32f10x_pwr.o(.text)
    PWR_ClearFlag                            0x0800b041   Thumb Code    14  stm32f10x_pwr.o(.text)
    usmart_sys_cmd_exe                       0x0800b05d   Thumb Code  1554  usmart.o(.text)
    usmart_reset_runtime                     0x0800b66f   Thumb Code    38  usmart.o(.text)
    usmart_get_runtime                       0x0800b695   Thumb Code    56  usmart.o(.text)
    TIM4_IRQHandler                          0x0800b6cd   Thumb Code    50  usmart.o(.text)
    Timer4_Init                              0x0800b6ff   Thumb Code    94  usmart.o(.text)
    usmart_init                              0x0800b75d   Thumb Code    36  usmart.o(.text)
    usmart_cmd_rec                           0x0800b781   Thumb Code   170  usmart.o(.text)
    usmart_exe                               0x0800b82b   Thumb Code   872  usmart.o(.text)
    usmart_scan                              0x0800bb93   Thumb Code   120  usmart.o(.text)
    read_addr                                0x0800bc0b   Thumb Code     6  usmart.o(.text)
    write_addr                               0x0800bc11   Thumb Code     4  usmart.o(.text)
    usmart_strcmp                            0x0800bc9d   Thumb Code    34  usmart_str.o(.text)
    usmart_strcopy                           0x0800bcbf   Thumb Code    22  usmart_str.o(.text)
    usmart_strlen                            0x0800bcd5   Thumb Code    24  usmart_str.o(.text)
    usmart_pow                               0x0800bced   Thumb Code    22  usmart_str.o(.text)
    usmart_str2num                           0x0800bd03   Thumb Code   202  usmart_str.o(.text)
    usmart_get_cmdname                       0x0800bdcd   Thumb Code    54  usmart_str.o(.text)
    usmart_search_nextc                      0x0800be03   Thumb Code    22  usmart_str.o(.text)
    usmart_get_fname                         0x0800be19   Thumb Code   440  usmart_str.o(.text)
    usmart_get_aparm                         0x0800bfd1   Thumb Code   200  usmart_str.o(.text)
    usmart_get_parmpos                       0x0800c099   Thumb Code    26  usmart_str.o(.text)
    usmart_get_fparam                        0x0800c0b3   Thumb Code   262  usmart_str.o(.text)
    BKP_DeInit                               0x0800c1c5   Thumb Code    16  stm32f10x_bkp.o(.text)
    BKP_TamperPinLevelConfig                 0x0800c1d5   Thumb Code     6  stm32f10x_bkp.o(.text)
    BKP_TamperPinCmd                         0x0800c1db   Thumb Code     8  stm32f10x_bkp.o(.text)
    BKP_ITConfig                             0x0800c1e3   Thumb Code     8  stm32f10x_bkp.o(.text)
    BKP_RTCOutputConfig                      0x0800c1eb   Thumb Code    22  stm32f10x_bkp.o(.text)
    BKP_SetRTCCalibrationValue               0x0800c201   Thumb Code    22  stm32f10x_bkp.o(.text)
    BKP_WriteBackupRegister                  0x0800c217   Thumb Code    24  stm32f10x_bkp.o(.text)
    BKP_ReadBackupRegister                   0x0800c22f   Thumb Code    26  stm32f10x_bkp.o(.text)
    BKP_GetFlagStatus                        0x0800c249   Thumb Code    10  stm32f10x_bkp.o(.text)
    BKP_ClearFlag                            0x0800c253   Thumb Code    18  stm32f10x_bkp.o(.text)
    BKP_GetITStatus                          0x0800c265   Thumb Code    10  stm32f10x_bkp.o(.text)
    BKP_ClearITPendingBit                    0x0800c26f   Thumb Code    18  stm32f10x_bkp.o(.text)
    delay_init                               0x0800c289   Thumb Code    50  delay.o(.text)
    delay_us                                 0x0800c2bb   Thumb Code    72  delay.o(.text)
    delay_ms                                 0x0800c303   Thumb Code    72  delay.o(.text)
    _sys_exit                                0x0800c35d   Thumb Code     6  usart.o(.text)
    fputc                                    0x0800c363   Thumb Code    24  usart.o(.text)
    uart_init                                0x0800c37b   Thumb Code   152  usart.o(.text)
    USART1_IRQHandler                        0x0800c413   Thumb Code   122  usart.o(.text)
    Reset_Handler                            0x0800c49d   Thumb Code     8  startup_stm32f10x_hd.o(.text)
    ADC1_2_IRQHandler                        0x0800c4b7   Thumb Code     0  startup_stm32f10x_hd.o(.text)
    ADC3_IRQHandler                          0x0800c4b7   Thumb Code     0  startup_stm32f10x_hd.o(.text)
    CAN1_RX1_IRQHandler                      0x0800c4b7   Thumb Code     0  startup_stm32f10x_hd.o(.text)
    CAN1_SCE_IRQHandler                      0x0800c4b7   Thumb Code     0  startup_stm32f10x_hd.o(.text)
    DMA1_Channel1_IRQHandler                 0x0800c4b7   Thumb Code     0  startup_stm32f10x_hd.o(.text)
    DMA1_Channel2_IRQHandler                 0x0800c4b7   Thumb Code     0  startup_stm32f10x_hd.o(.text)
    DMA1_Channel3_IRQHandler                 0x0800c4b7   Thumb Code     0  startup_stm32f10x_hd.o(.text)
    DMA1_Channel4_IRQHandler                 0x0800c4b7   Thumb Code     0  startup_stm32f10x_hd.o(.text)
    DMA1_Channel5_IRQHandler                 0x0800c4b7   Thumb Code     0  startup_stm32f10x_hd.o(.text)
    DMA1_Channel6_IRQHandler                 0x0800c4b7   Thumb Code     0  startup_stm32f10x_hd.o(.text)
    DMA1_Channel7_IRQHandler                 0x0800c4b7   Thumb Code     0  startup_stm32f10x_hd.o(.text)
    DMA2_Channel1_IRQHandler                 0x0800c4b7   Thumb Code     0  startup_stm32f10x_hd.o(.text)
    DMA2_Channel2_IRQHandler                 0x0800c4b7   Thumb Code     0  startup_stm32f10x_hd.o(.text)
    DMA2_Channel3_IRQHandler                 0x0800c4b7   Thumb Code     0  startup_stm32f10x_hd.o(.text)
    DMA2_Channel4_5_IRQHandler               0x0800c4b7   Thumb Code     0  startup_stm32f10x_hd.o(.text)
    EXTI0_IRQHandler                         0x0800c4b7   Thumb Code     0  startup_stm32f10x_hd.o(.text)
    EXTI15_10_IRQHandler                     0x0800c4b7   Thumb Code     0  startup_stm32f10x_hd.o(.text)
    EXTI1_IRQHandler                         0x0800c4b7   Thumb Code     0  startup_stm32f10x_hd.o(.text)
    EXTI2_IRQHandler                         0x0800c4b7   Thumb Code     0  startup_stm32f10x_hd.o(.text)
    EXTI3_IRQHandler                         0x0800c4b7   Thumb Code     0  startup_stm32f10x_hd.o(.text)
    EXTI4_IRQHandler                         0x0800c4b7   Thumb Code     0  startup_stm32f10x_hd.o(.text)
    EXTI9_5_IRQHandler                       0x0800c4b7   Thumb Code     0  startup_stm32f10x_hd.o(.text)
    FLASH_IRQHandler                         0x0800c4b7   Thumb Code     0  startup_stm32f10x_hd.o(.text)
    FSMC_IRQHandler                          0x0800c4b7   Thumb Code     0  startup_stm32f10x_hd.o(.text)
    I2C1_ER_IRQHandler                       0x0800c4b7   Thumb Code     0  startup_stm32f10x_hd.o(.text)
    I2C1_EV_IRQHandler                       0x0800c4b7   Thumb Code     0  startup_stm32f10x_hd.o(.text)
    I2C2_ER_IRQHandler                       0x0800c4b7   Thumb Code     0  startup_stm32f10x_hd.o(.text)
    I2C2_EV_IRQHandler                       0x0800c4b7   Thumb Code     0  startup_stm32f10x_hd.o(.text)
    PVD_IRQHandler                           0x0800c4b7   Thumb Code     0  startup_stm32f10x_hd.o(.text)
    RCC_IRQHandler                           0x0800c4b7   Thumb Code     0  startup_stm32f10x_hd.o(.text)
    RTCAlarm_IRQHandler                      0x0800c4b7   Thumb Code     0  startup_stm32f10x_hd.o(.text)
    SDIO_IRQHandler                          0x0800c4b7   Thumb Code     0  startup_stm32f10x_hd.o(.text)
    SPI1_IRQHandler                          0x0800c4b7   Thumb Code     0  startup_stm32f10x_hd.o(.text)
    SPI2_IRQHandler                          0x0800c4b7   Thumb Code     0  startup_stm32f10x_hd.o(.text)
    SPI3_IRQHandler                          0x0800c4b7   Thumb Code     0  startup_stm32f10x_hd.o(.text)
    TAMPER_IRQHandler                        0x0800c4b7   Thumb Code     0  startup_stm32f10x_hd.o(.text)
    TIM1_BRK_IRQHandler                      0x0800c4b7   Thumb Code     0  startup_stm32f10x_hd.o(.text)
    TIM1_CC_IRQHandler                       0x0800c4b7   Thumb Code     0  startup_stm32f10x_hd.o(.text)
    TIM1_TRG_COM_IRQHandler                  0x0800c4b7   Thumb Code     0  startup_stm32f10x_hd.o(.text)
    TIM1_UP_IRQHandler                       0x0800c4b7   Thumb Code     0  startup_stm32f10x_hd.o(.text)
    TIM2_IRQHandler                          0x0800c4b7   Thumb Code     0  startup_stm32f10x_hd.o(.text)
    TIM3_IRQHandler                          0x0800c4b7   Thumb Code     0  startup_stm32f10x_hd.o(.text)
    TIM5_IRQHandler                          0x0800c4b7   Thumb Code     0  startup_stm32f10x_hd.o(.text)
    TIM6_IRQHandler                          0x0800c4b7   Thumb Code     0  startup_stm32f10x_hd.o(.text)
    TIM7_IRQHandler                          0x0800c4b7   Thumb Code     0  startup_stm32f10x_hd.o(.text)
    TIM8_BRK_IRQHandler                      0x0800c4b7   Thumb Code     0  startup_stm32f10x_hd.o(.text)
    TIM8_CC_IRQHandler                       0x0800c4b7   Thumb Code     0  startup_stm32f10x_hd.o(.text)
    TIM8_TRG_COM_IRQHandler                  0x0800c4b7   Thumb Code     0  startup_stm32f10x_hd.o(.text)
    TIM8_UP_IRQHandler                       0x0800c4b7   Thumb Code     0  startup_stm32f10x_hd.o(.text)
    UART4_IRQHandler                         0x0800c4b7   Thumb Code     0  startup_stm32f10x_hd.o(.text)
    UART5_IRQHandler                         0x0800c4b7   Thumb Code     0  startup_stm32f10x_hd.o(.text)
    USART2_IRQHandler                        0x0800c4b7   Thumb Code     0  startup_stm32f10x_hd.o(.text)
    USART3_IRQHandler                        0x0800c4b7   Thumb Code     0  startup_stm32f10x_hd.o(.text)
    USBWakeUp_IRQHandler                     0x0800c4b7   Thumb Code     0  startup_stm32f10x_hd.o(.text)
    USB_HP_CAN1_TX_IRQHandler                0x0800c4b7   Thumb Code     0  startup_stm32f10x_hd.o(.text)
    USB_LP_CAN1_RX0_IRQHandler               0x0800c4b7   Thumb Code     0  startup_stm32f10x_hd.o(.text)
    WWDG_IRQHandler                          0x0800c4b7   Thumb Code     0  startup_stm32f10x_hd.o(.text)
    GPIO_DeInit                              0x0800c4c1   Thumb Code   172  stm32f10x_gpio.o(.text)
    GPIO_AFIODeInit                          0x0800c56d   Thumb Code    20  stm32f10x_gpio.o(.text)
    GPIO_Init                                0x0800c581   Thumb Code   278  stm32f10x_gpio.o(.text)
    GPIO_StructInit                          0x0800c697   Thumb Code    16  stm32f10x_gpio.o(.text)
    GPIO_ReadInputDataBit                    0x0800c6a7   Thumb Code    18  stm32f10x_gpio.o(.text)
    GPIO_ReadInputData                       0x0800c6b9   Thumb Code     8  stm32f10x_gpio.o(.text)
    GPIO_ReadOutputDataBit                   0x0800c6c1   Thumb Code    18  stm32f10x_gpio.o(.text)
    GPIO_ReadOutputData                      0x0800c6d3   Thumb Code     8  stm32f10x_gpio.o(.text)
    GPIO_SetBits                             0x0800c6db   Thumb Code     4  stm32f10x_gpio.o(.text)
    GPIO_ResetBits                           0x0800c6df   Thumb Code     4  stm32f10x_gpio.o(.text)
    GPIO_WriteBit                            0x0800c6e3   Thumb Code    10  stm32f10x_gpio.o(.text)
    GPIO_Write                               0x0800c6ed   Thumb Code     4  stm32f10x_gpio.o(.text)
    GPIO_PinLockConfig                       0x0800c6f1   Thumb Code    18  stm32f10x_gpio.o(.text)
    GPIO_EventOutputConfig                   0x0800c703   Thumb Code    26  stm32f10x_gpio.o(.text)
    GPIO_EventOutputCmd                      0x0800c71d   Thumb Code     6  stm32f10x_gpio.o(.text)
    GPIO_PinRemapConfig                      0x0800c723   Thumb Code   138  stm32f10x_gpio.o(.text)
    GPIO_EXTILineConfig                      0x0800c7ad   Thumb Code    66  stm32f10x_gpio.o(.text)
    GPIO_ETH_MediaInterfaceConfig            0x0800c7ef   Thumb Code     8  stm32f10x_gpio.o(.text)
    RCC_DeInit                               0x0800c81d   Thumb Code    64  stm32f10x_rcc.o(.text)
    RCC_HSEConfig                            0x0800c85d   Thumb Code    70  stm32f10x_rcc.o(.text)
    RCC_GetFlagStatus                        0x0800c8a3   Thumb Code    56  stm32f10x_rcc.o(.text)
    RCC_WaitForHSEStartUp                    0x0800c8db   Thumb Code    56  stm32f10x_rcc.o(.text)
    RCC_AdjustHSICalibrationValue            0x0800c913   Thumb Code    20  stm32f10x_rcc.o(.text)
    RCC_HSICmd                               0x0800c927   Thumb Code     6  stm32f10x_rcc.o(.text)
    RCC_PLLConfig                            0x0800c92d   Thumb Code    24  stm32f10x_rcc.o(.text)
    RCC_PLLCmd                               0x0800c945   Thumb Code     6  stm32f10x_rcc.o(.text)
    RCC_SYSCLKConfig                         0x0800c94b   Thumb Code    18  stm32f10x_rcc.o(.text)
    RCC_GetSYSCLKSource                      0x0800c95d   Thumb Code    10  stm32f10x_rcc.o(.text)
    RCC_HCLKConfig                           0x0800c967   Thumb Code    18  stm32f10x_rcc.o(.text)
    RCC_PCLK1Config                          0x0800c979   Thumb Code    18  stm32f10x_rcc.o(.text)
    RCC_PCLK2Config                          0x0800c98b   Thumb Code    20  stm32f10x_rcc.o(.text)
    RCC_ITConfig                             0x0800c99f   Thumb Code    26  stm32f10x_rcc.o(.text)
    RCC_USBCLKConfig                         0x0800c9b9   Thumb Code     8  stm32f10x_rcc.o(.text)
    RCC_ADCCLKConfig                         0x0800c9c1   Thumb Code    18  stm32f10x_rcc.o(.text)
    RCC_LSEConfig                            0x0800c9d3   Thumb Code    50  stm32f10x_rcc.o(.text)
    RCC_LSICmd                               0x0800ca05   Thumb Code     6  stm32f10x_rcc.o(.text)
    RCC_RTCCLKConfig                         0x0800ca0b   Thumb Code    12  stm32f10x_rcc.o(.text)
    RCC_RTCCLKCmd                            0x0800ca17   Thumb Code     8  stm32f10x_rcc.o(.text)
    RCC_GetClocksFreq                        0x0800ca1f   Thumb Code   192  stm32f10x_rcc.o(.text)
    RCC_AHBPeriphClockCmd                    0x0800cadf   Thumb Code    26  stm32f10x_rcc.o(.text)
    RCC_APB2PeriphClockCmd                   0x0800caf9   Thumb Code    26  stm32f10x_rcc.o(.text)
    RCC_APB1PeriphClockCmd                   0x0800cb13   Thumb Code    26  stm32f10x_rcc.o(.text)
    RCC_APB2PeriphResetCmd                   0x0800cb2d   Thumb Code    26  stm32f10x_rcc.o(.text)
    RCC_APB1PeriphResetCmd                   0x0800cb47   Thumb Code    26  stm32f10x_rcc.o(.text)
    RCC_BackupResetCmd                       0x0800cb61   Thumb Code     8  stm32f10x_rcc.o(.text)
    RCC_ClockSecuritySystemCmd               0x0800cb69   Thumb Code     6  stm32f10x_rcc.o(.text)
    RCC_MCOConfig                            0x0800cb6f   Thumb Code     6  stm32f10x_rcc.o(.text)
    RCC_ClearFlag                            0x0800cb75   Thumb Code    14  stm32f10x_rcc.o(.text)
    RCC_GetITStatus                          0x0800cb83   Thumb Code    20  stm32f10x_rcc.o(.text)
    RCC_ClearITPendingBit                    0x0800cb97   Thumb Code     6  stm32f10x_rcc.o(.text)
    __aeabi_ldivmod                          0x0800cbc1   Thumb Code    98  ldiv.o(.text)
    __aeabi_memset                           0x0800cc23   Thumb Code    14  memseta.o(.text)
    __aeabi_memset4                          0x0800cc23   Thumb Code     0  memseta.o(.text)
    __aeabi_memset8                          0x0800cc23   Thumb Code     0  memseta.o(.text)
    __aeabi_memclr                           0x0800cc31   Thumb Code     4  memseta.o(.text)
    __aeabi_memclr4                          0x0800cc31   Thumb Code     0  memseta.o(.text)
    __aeabi_memclr8                          0x0800cc31   Thumb Code     0  memseta.o(.text)
    _memset$wrapper                          0x0800cc35   Thumb Code    18  memseta.o(.text)
    strcmp                                   0x0800cc47   Thumb Code    28  strcmp.o(.text)
    memcmp                                   0x0800cc63   Thumb Code    26  memcmp.o(.text)
    strcpy                                   0x0800cc7d   Thumb Code    18  strcpy.o(.text)
    __aeabi_fadd                             0x0800cc8f   Thumb Code   164  fadd.o(.text)
    __aeabi_fsub                             0x0800cd33   Thumb Code     6  fadd.o(.text)
    __aeabi_frsub                            0x0800cd39   Thumb Code     6  fadd.o(.text)
    __aeabi_fmul                             0x0800cd3f   Thumb Code   100  fmul.o(.text)
    __aeabi_fdiv                             0x0800cda3   Thumb Code   124  fdiv.o(.text)
    __aeabi_dadd                             0x0800ce1f   Thumb Code   322  dadd.o(.text)
    __aeabi_dsub                             0x0800cf61   Thumb Code     6  dadd.o(.text)
    __aeabi_drsub                            0x0800cf67   Thumb Code     6  dadd.o(.text)
    __aeabi_dmul                             0x0800cf6d   Thumb Code   228  dmul.o(.text)
    __aeabi_ddiv                             0x0800d051   Thumb Code   222  ddiv.o(.text)
    __aeabi_i2f                              0x0800d12f   Thumb Code    18  fflti.o(.text)
    __aeabi_ui2f                             0x0800d141   Thumb Code    10  ffltui.o(.text)
    __aeabi_i2d                              0x0800d14b   Thumb Code    34  dflti.o(.text)
    __aeabi_f2iz                             0x0800d16d   Thumb Code    50  ffixi.o(.text)
    __aeabi_f2uiz                            0x0800d19f   Thumb Code    40  ffixui.o(.text)
    __aeabi_f2d                              0x0800d1c7   Thumb Code    38  f2d.o(.text)
    __aeabi_cdcmpeq                          0x0800d1ed   Thumb Code     0  cdcmple.o(.text)
    __aeabi_cdcmple                          0x0800d1ed   Thumb Code    48  cdcmple.o(.text)
    __aeabi_cdrcmple                         0x0800d21d   Thumb Code    48  cdrcmple.o(.text)
    __aeabi_d2f                              0x0800d24d   Thumb Code    56  d2f.o(.text)
    __aeabi_cfcmpeq                          0x0800d285   Thumb Code     0  cfcmple.o(.text)
    __aeabi_cfcmple                          0x0800d285   Thumb Code    20  cfcmple.o(.text)
    __aeabi_cfrcmple                         0x0800d299   Thumb Code    20  cfrcmple.o(.text)
    __aeabi_uidiv                            0x0800d2ad   Thumb Code     0  uidiv.o(.text)
    __aeabi_uidivmod                         0x0800d2ad   Thumb Code    44  uidiv.o(.text)
    __aeabi_uldivmod                         0x0800d2d9   Thumb Code    98  uldiv.o(.text)
    __aeabi_llsl                             0x0800d33b   Thumb Code    30  llshl.o(.text)
    _ll_shift_l                              0x0800d33b   Thumb Code     0  llshl.o(.text)
    __aeabi_lasr                             0x0800d359   Thumb Code    36  llsshr.o(.text)
    _ll_sshift_r                             0x0800d359   Thumb Code     0  llsshr.o(.text)
    __I$use$fp                               0x0800d37d   Thumb Code     0  iusefp.o(.text)
    _float_round                             0x0800d37d   Thumb Code    18  fepilogue.o(.text)
    _float_epilogue                          0x0800d38f   Thumb Code    92  fepilogue.o(.text)
    _double_round                            0x0800d3eb   Thumb Code    30  depilogue.o(.text)
    _double_epilogue                         0x0800d409   Thumb Code   156  depilogue.o(.text)
    __ARM_scalbn                             0x0800d4a5   Thumb Code    46  dscalb.o(.text)
    scalbn                                   0x0800d4a5   Thumb Code     0  dscalb.o(.text)
    _dsqrt                                   0x0800d4d3   Thumb Code   162  dsqrt.o(.text)
    __aeabi_d2ulz                            0x0800d575   Thumb Code    48  dfixul.o(.text)
    __scatterload                            0x0800d5a5   Thumb Code    28  init.o(.text)
    __scatterload_rt2                        0x0800d5a5   Thumb Code     0  init.o(.text)
    __aeabi_llsr                             0x0800d5c9   Thumb Code    32  llushr.o(.text)
    _ll_ushift_r                             0x0800d5c9   Thumb Code     0  llushr.o(.text)
    __aeabi_ui2d                             0x0800d5e9   Thumb Code    26  dfltui.o(.text)
    __aeabi_d2iz                             0x0800d603   Thumb Code    62  dfixi.o(.text)
    __decompress                             0x0800d641   Thumb Code     0  __dczerorl2.o(.text)
    __decompress1                            0x0800d641   Thumb Code    86  __dczerorl2.o(.text)
    __0printf                                0x0800d699   Thumb Code    22  printfa.o(i.__0printf)
    __1printf                                0x0800d699   Thumb Code     0  printfa.o(i.__0printf)
    __2printf                                0x0800d699   Thumb Code     0  printfa.o(i.__0printf)
    __c89printf                              0x0800d699   Thumb Code     0  printfa.o(i.__0printf)
    printf                                   0x0800d699   Thumb Code     0  printfa.o(i.__0printf)
    __0sprintf                               0x0800d6b9   Thumb Code    34  printfa.o(i.__0sprintf)
    __1sprintf                               0x0800d6b9   Thumb Code     0  printfa.o(i.__0sprintf)
    __2sprintf                               0x0800d6b9   Thumb Code     0  printfa.o(i.__0sprintf)
    __c89sprintf                             0x0800d6b9   Thumb Code     0  printfa.o(i.__0sprintf)
    sprintf                                  0x0800d6b9   Thumb Code     0  printfa.o(i.__0sprintf)
    __ARM_fpclassify                         0x0800d6e1   Thumb Code    40  fpclassify.o(i.__ARM_fpclassify)
    __ieee754_rem_pio2                       0x0800d709   Thumb Code   828  rred.o(i.__ieee754_rem_pio2)
    __kernel_cos                             0x0800da91   Thumb Code   230  cos_i.o(i.__kernel_cos)
    __kernel_poly                            0x0800db8d   Thumb Code   170  poly.o(i.__kernel_poly)
    __kernel_sin                             0x0800dc39   Thumb Code   224  sin_i.o(i.__kernel_sin)
    __mathlib_dbl_infnan                     0x0800dd25   Thumb Code     6  dunder.o(i.__mathlib_dbl_infnan)
    __mathlib_dbl_infnan2                    0x0800dd2b   Thumb Code     4  dunder.o(i.__mathlib_dbl_infnan2)
    __mathlib_dbl_invalid                    0x0800dd2f   Thumb Code    12  dunder.o(i.__mathlib_dbl_invalid)
    __mathlib_dbl_underflow                  0x0800dd3d   Thumb Code    10  dunder.o(i.__mathlib_dbl_underflow)
    __scatterload_copy                       0x0800dd4d   Thumb Code    14  handlers.o(i.__scatterload_copy)
    __scatterload_null                       0x0800dd5b   Thumb Code     2  handlers.o(i.__scatterload_null)
    __scatterload_zeroinit                   0x0800dd5d   Thumb Code    14  handlers.o(i.__scatterload_zeroinit)
    __set_errno                              0x0800dd6d   Thumb Code     6  errno.o(i.__set_errno)
    asin                                     0x0800e615   Thumb Code   572  asin.o(i.asin)
    atan                                     0x0800e885   Thumb Code   474  atan.o(i.atan)
    atan2                                    0x0800eaa5   Thumb Code   346  atan2.o(i.atan2)
    cos                                      0x0800ec25   Thumb Code   148  cos.o(i.cos)
    sin                                      0x0800ecc1   Thumb Code   150  sin.o(i.sin)
    sqrt                                     0x0800ed61   Thumb Code    76  sqrt.o(i.sqrt)
    a1                                       0x0800edac   Data           8  main.o(.constdata)
    a2                                       0x0800edb4   Data           8  main.o(.constdata)
    a3                                       0x0800edbc   Data           8  main.o(.constdata)
    newline                                  0x0800edc4   Data           2  main.o(.constdata)
    reg                                      0x0800edc8   Data          27  inv_mpu.o(.constdata)
    hw                                       0x0800ede4   Data          12  inv_mpu.o(.constdata)
    test                                     0x0800edf0   Data          40  inv_mpu.o(.constdata)
    table_week                               0x0803a710   Data          12  rtc.o(.constdata)
    mon_table                                0x0803a71c   Data          12  rtc.o(.constdata)
    __mathlib_zero                           0x0803a840   Data           8  qnan.o(.constdata)
    Region$$Table$$Base                      0x0803acb0   Number         0  anon$$obj.o(Region$$Table)
    Region$$Table$$Limit                     0x0803acd0   Number         0  anon$$obj.o(Region$$Table)
    bb                                       0x20000000   Data           8  main.o(.data)
    lo                                       0x20000008   Data           4  main.o(.data)
    h                                        0x2000000c   Data           4  main.o(.data)
    K1                                       0x20000018   Data           4  main.o(.data)
    X1                                       0x2000001c   Data           4  main.o(.data)
    P1                                       0x20000020   Data           4  main.o(.data)
    cout1                                    0x20000024   Data           4  main.o(.data)
    axnum                                    0x20000028   Data           4  main.o(.data)
    aznum                                    0x2000002c   Data           4  main.o(.data)
    downcount                                0x20000040   Data           4  main.o(.data)
    upcount                                  0x20000044   Data           4  main.o(.data)
    Xdowncount                               0x20000048   Data           4  main.o(.data)
    Xupcount                                 0x2000004c   Data           4  main.o(.data)
    LenX                                     0x20000050   Data           4  main.o(.data)
    axsum                                    0x20000054   Data           4  main.o(.data)
    average                                  0x20000058   Data           4  main.o(.data)
    azsum                                    0x2000005c   Data           4  main.o(.data)
    LenZ                                     0x20000060   Data           4  main.o(.data)
    ave                                      0x20000064   Data           4  main.o(.data)
    offset                                   0x20000070   Data           4  main.o(.data)
    offset2                                  0x20000074   Data           4  main.o(.data)
    Xxpast1                                  0x20000078   Data           4  main.o(.data)
    Xypast1                                  0x2000007c   Data           4  main.o(.data)
    Xzpast1                                  0x20000080   Data           4  main.o(.data)
    Pxpast1                                  0x20000084   Data           4  main.o(.data)
    Pypast1                                  0x20000088   Data           4  main.o(.data)
    Pzpast1                                  0x2000008c   Data           4  main.o(.data)
    S                                        0x20000090   Data           4  main.o(.data)
    K2                                       0x200000a4   Data           4  main.o(.data)
    K3                                       0x200000a8   Data           4  main.o(.data)
    X2                                       0x200000ac   Data           4  main.o(.data)
    P2                                       0x200000b0   Data           4  main.o(.data)
    cout2                                    0x200000b4   Data           4  main.o(.data)
    cout3                                    0x200000b8   Data           4  main.o(.data)
    Xxpast2                                  0x200000bc   Data           4  main.o(.data)
    Xypast2                                  0x200000c0   Data           4  main.o(.data)
    Xzpast2                                  0x200000c4   Data           4  main.o(.data)
    Pxpast2                                  0x200000c8   Data           4  main.o(.data)
    Pypast2                                  0x200000cc   Data           4  main.o(.data)
    Pzpast2                                  0x200000d0   Data           4  main.o(.data)
    Xxpast3                                  0x200000d4   Data           4  main.o(.data)
    Xypast3                                  0x200000d8   Data           4  main.o(.data)
    Xzpast3                                  0x200000dc   Data           4  main.o(.data)
    Pxpast3                                  0x200000e0   Data           4  main.o(.data)
    Pypast3                                  0x200000e4   Data           4  main.o(.data)
    Pzpast3                                  0x200000e8   Data           4  main.o(.data)
    anglex                                   0x200000ec   Data           4  main.o(.data)
    angley                                   0x200000f0   Data           4  main.o(.data)
    anglez                                   0x200000f4   Data           4  main.o(.data)
    right                                    0x200000f8   Data           4  main.o(.data)
    left                                     0x200000fc   Data           4  main.o(.data)
    t                                        0x20000100   Data           4  main.o(.data)
    yaw_cnt                                  0x20000104   Data           4  main.o(.data)
    left_cnt                                 0x20000108   Data           4  main.o(.data)
    stright_cnt                              0x2000010c   Data           4  main.o(.data)
    right_cnt                                0x20000110   Data           4  main.o(.data)
    judge                                    0x20000114   Data           4  main.o(.data)
    t_xy                                     0x20000118   Data           4  main.o(.data)
    v_now                                    0x2000011c   Data           4  main.o(.data)
    xx                                       0x20000120   Data           4  main.o(.data)
    yy                                       0x20000124   Data           4  main.o(.data)
    x                                        0x20000128   Data           4  main.o(.data)
    y                                        0x2000012c   Data           4  main.o(.data)
    angle_xy                                 0x20000130   Data           4  main.o(.data)
    SystemCoreClock                          0x20000134   Data           4  system_stm32f10x.o(.data)
    AHBPrescTable                            0x20000138   Data          16  system_stm32f10x.o(.data)
    FILE_TYPE_TBL                            0x20000180   Data         312  exfuns.o(.data)
    fs                                       0x200002b8   Data           8  exfuns.o(.data)
    file                                     0x200002c0   Data           4  exfuns.o(.data)
    ftemp                                    0x200002c4   Data           4  exfuns.o(.data)
    br                                       0x200002c8   Data           4  exfuns.o(.data)
    bw                                       0x200002cc   Data           4  exfuns.o(.data)
    fatbuf                                   0x200002d0   Data           4  exfuns.o(.data)
    FLASH_SECTOR_COUNT                       0x200002d4   Data           2  diskio.o(.data)
    SPI_FLASH_TYPE                           0x200002e2   Data           2  flash.o(.data)
    SD_Type                                  0x200002e6   Data           1  mmc_sd.o(.data)
    mallco_dev                               0x200002e8   Data          20  malloc.o(.data)
    sys_cmd_tab                              0x200002fc   Data          28  usmart.o(.data)
    usmart_nametab                           0x20000318   Data         208  usmart_config.o(.data)
    usmart_dev                               0x200003e8   Data         244  usmart_config.o(.data)
    __stdout                                 0x200004e0   Data           4  usart.o(.data)
    USART_RX_STA                             0x200004e4   Data           2  usart.o(.data)
    tbuf                                     0x20000500   Data          80  main.o(.bss)
    yaw_past                                 0x20000550   Data          80  main.o(.bss)
    fileinfo                                 0x200005b0   Data          32  exfuns.o(.bss)
    dir                                      0x200005d0   Data          36  exfuns.o(.bss)
    SPI_FLASH_BUF                            0x200005f4   Data        4096  flash.o(.bss)
    calendar                                 0x200015f4   Data          10  rtc.o(.bss)
    SPI_InitStructure                        0x200015fe   Data          18  spi.o(.bss)
    membase                                  0x20001610   Data       35840  malloc.o(.bss)
    memmapbase                               0x2000a210   Data        2240  malloc.o(.bss)
    USART_RX_BUF                             0x2000aad0   Data         200  usart.o(.bss)
    __initial_sp                             0x2000af98   Data           0  startup_stm32f10x_hd.o(STACK)



==============================================================================

Memory Map of the image

  Image Entry point : 0x08000131

  Load Region LR_IROM1 (Base: 0x08000000, Size: 0x0003b1d0, Max: 0x00040000, ABSOLUTE, COMPRESSED[0x0003ae68])

    Execution Region ER_IROM1 (Base: 0x08000000, Size: 0x0003acd0, Max: 0x00040000, ABSOLUTE)

    Base Addr    Size         Type   Attr      Idx    E Section Name        Object

    0x08000000   0x00000130   Data   RO          749    RESET               startup_stm32f10x_hd.o
    0x08000130   0x00000000   Code   RO          832  * .ARM.Collect$$$$00000000  mc_w.l(entry.o)
    0x08000130   0x00000004   Code   RO         1173    .ARM.Collect$$$$00000001  mc_w.l(entry2.o)
    0x08000134   0x00000004   Code   RO         1176    .ARM.Collect$$$$00000004  mc_w.l(entry5.o)
    0x08000138   0x00000000   Code   RO         1178    .ARM.Collect$$$$00000008  mc_w.l(entry7b.o)
    0x08000138   0x00000000   Code   RO         1180    .ARM.Collect$$$$0000000A  mc_w.l(entry8b.o)
    0x08000138   0x00000008   Code   RO         1181    .ARM.Collect$$$$0000000B  mc_w.l(entry9a.o)
    0x08000140   0x00000000   Code   RO         1183    .ARM.Collect$$$$0000000D  mc_w.l(entry10a.o)
    0x08000140   0x00000000   Code   RO         1185    .ARM.Collect$$$$0000000F  mc_w.l(entry11a.o)
    0x08000140   0x00000004   Code   RO         1174    .ARM.Collect$$$$00002712  mc_w.l(entry2.o)
    0x08000144   0x00001360   Code   RO            1    .text               main.o
    0x080014a4   0x0000001a   Code   RO          178    .text               stm32f10x_it.o
    0x080014be   0x00000002   PAD
    0x080014c0   0x000001e0   Code   RO          219    .text               system_stm32f10x.o
    0x080016a0   0x00000368   Code   RO          249    .text               mpu6050.o
    0x08001a08   0x00000250   Code   RO          261    .text               mpuiic.o
    0x08001c58   0x00002278   Code   RO          286    .text               inv_mpu.o
    0x08003ed0   0x00000d70   Code   RO          316    .text               inv_mpu_dmp_motion_driver.o
    0x08004c40   0x00000198   Code   RO          337    .text               exfuns.o
    0x08004dd8   0x000006b8   Code   RO          373    .text               fattester.o
    0x08005490   0x000000b4   Code   RO          393    .text               cc936.o
    0x08005544   0x000001f8   Code   RO          416    .text               diskio.o
    0x0800573c   0x00003296   Code   RO          442    .text               ff.o
    0x080089d2   0x00000002   PAD
    0x080089d4   0x00000348   Code   RO          460    .text               flash.o
    0x08008d1c   0x0000037c   Code   RO          482    .text               rtc.o
    0x08009098   0x00000524   Code   RO          502    .text               mmc_sd.o
    0x080095bc   0x000000e0   Code   RO          520    .text               spi.o
    0x0800969c   0x000001a0   Code   RO          535    .text               malloc.o
    0x0800983c   0x000000dc   Code   RO          555    .text               misc_1.o
    0x08009918   0x00000408   Code   RO          567    .text               stm32f10x_usart_1.o
    0x08009d20   0x00000e1a   Code   RO          579    .text               stm32f10x_tim.o
    0x0800ab3a   0x00000002   PAD
    0x0800ab3c   0x0000030c   Code   RO          591    .text               stm32f10x_spi.o
    0x0800ae48   0x00000148   Code   RO          603    .text               stm32f10x_rtc.o
    0x0800af90   0x000000cc   Code   RO          615    .text               stm32f10x_pwr.o
    0x0800b05c   0x00000c40   Code   RO          627    .text               usmart.o
    0x0800bc9c   0x00000528   Code   RO          659    .text               usmart_str.o
    0x0800c1c4   0x000000c4   Code   RO          671    .text               stm32f10x_bkp.o
    0x0800c288   0x000000d4   Code   RO          683    .text               delay.o
    0x0800c35c   0x00000140   Code   RO          714    .text               usart.o
    0x0800c49c   0x00000024   Code   RO          750    .text               startup_stm32f10x_hd.o
    0x0800c4c0   0x0000035c   Code   RO          754    .text               stm32f10x_gpio.o
    0x0800c81c   0x000003a4   Code   RO          766    .text               stm32f10x_rcc.o
    0x0800cbc0   0x00000062   Code   RO          835    .text               mc_w.l(ldiv.o)
    0x0800cc22   0x00000024   Code   RO          837    .text               mc_w.l(memseta.o)
    0x0800cc46   0x0000001c   Code   RO          839    .text               mc_w.l(strcmp.o)
    0x0800cc62   0x0000001a   Code   RO          841    .text               mc_w.l(memcmp.o)
    0x0800cc7c   0x00000012   Code   RO          843    .text               mc_w.l(strcpy.o)
    0x0800cc8e   0x000000b0   Code   RO         1106    .text               mf_w.l(fadd.o)
    0x0800cd3e   0x00000064   Code   RO         1108    .text               mf_w.l(fmul.o)
    0x0800cda2   0x0000007c   Code   RO         1110    .text               mf_w.l(fdiv.o)
    0x0800ce1e   0x0000014e   Code   RO         1112    .text               mf_w.l(dadd.o)
    0x0800cf6c   0x000000e4   Code   RO         1114    .text               mf_w.l(dmul.o)
    0x0800d050   0x000000de   Code   RO         1116    .text               mf_w.l(ddiv.o)
    0x0800d12e   0x00000012   Code   RO         1118    .text               mf_w.l(fflti.o)
    0x0800d140   0x0000000a   Code   RO         1120    .text               mf_w.l(ffltui.o)
    0x0800d14a   0x00000022   Code   RO         1122    .text               mf_w.l(dflti.o)
    0x0800d16c   0x00000032   Code   RO         1124    .text               mf_w.l(ffixi.o)
    0x0800d19e   0x00000028   Code   RO         1126    .text               mf_w.l(ffixui.o)
    0x0800d1c6   0x00000026   Code   RO         1128    .text               mf_w.l(f2d.o)
    0x0800d1ec   0x00000030   Code   RO         1130    .text               mf_w.l(cdcmple.o)
    0x0800d21c   0x00000030   Code   RO         1132    .text               mf_w.l(cdrcmple.o)
    0x0800d24c   0x00000038   Code   RO         1134    .text               mf_w.l(d2f.o)
    0x0800d284   0x00000014   Code   RO         1136    .text               mf_w.l(cfcmple.o)
    0x0800d298   0x00000014   Code   RO         1138    .text               mf_w.l(cfrcmple.o)
    0x0800d2ac   0x0000002c   Code   RO         1187    .text               mc_w.l(uidiv.o)
    0x0800d2d8   0x00000062   Code   RO         1189    .text               mc_w.l(uldiv.o)
    0x0800d33a   0x0000001e   Code   RO         1191    .text               mc_w.l(llshl.o)
    0x0800d358   0x00000024   Code   RO         1193    .text               mc_w.l(llsshr.o)
    0x0800d37c   0x00000000   Code   RO         1202    .text               mc_w.l(iusefp.o)
    0x0800d37c   0x0000006e   Code   RO         1203    .text               mf_w.l(fepilogue.o)
    0x0800d3ea   0x000000ba   Code   RO         1205    .text               mf_w.l(depilogue.o)
    0x0800d4a4   0x0000002e   Code   RO         1207    .text               mf_w.l(dscalb.o)
    0x0800d4d2   0x000000a2   Code   RO         1209    .text               mf_w.l(dsqrt.o)
    0x0800d574   0x00000030   Code   RO         1211    .text               mf_w.l(dfixul.o)
    0x0800d5a4   0x00000024   Code   RO         1213    .text               mc_w.l(init.o)
    0x0800d5c8   0x00000020   Code   RO         1215    .text               mc_w.l(llushr.o)
    0x0800d5e8   0x0000001a   Code   RO         1217    .text               mf_w.l(dfltui.o)
    0x0800d602   0x0000003e   Code   RO         1219    .text               mf_w.l(dfixi.o)
    0x0800d640   0x00000056   Code   RO         1229    .text               mc_w.l(__dczerorl2.o)
    0x0800d696   0x00000002   PAD
    0x0800d698   0x00000020   Code   RO         1078    i.__0printf         mc_w.l(printfa.o)
    0x0800d6b8   0x00000028   Code   RO         1080    i.__0sprintf        mc_w.l(printfa.o)
    0x0800d6e0   0x00000028   Code   RO         1157    i.__ARM_fpclassify  m_ws.l(fpclassify.o)
    0x0800d708   0x00000388   Code   RO         1162    i.__ieee754_rem_pio2  m_ws.l(rred.o)
    0x0800da90   0x000000fc   Code   RO         1140    i.__kernel_cos      m_ws.l(cos_i.o)
    0x0800db8c   0x000000aa   Code   RO         1159    i.__kernel_poly     m_ws.l(poly.o)
    0x0800dc36   0x00000002   PAD
    0x0800dc38   0x000000ec   Code   RO         1167    i.__kernel_sin      m_ws.l(sin_i.o)
    0x0800dd24   0x00000006   Code   RO         1144    i.__mathlib_dbl_infnan  m_ws.l(dunder.o)
    0x0800dd2a   0x00000004   Code   RO         1145    i.__mathlib_dbl_infnan2  m_ws.l(dunder.o)
    0x0800dd2e   0x0000000c   Code   RO         1146    i.__mathlib_dbl_invalid  m_ws.l(dunder.o)
    0x0800dd3a   0x00000002   PAD
    0x0800dd3c   0x00000010   Code   RO         1149    i.__mathlib_dbl_underflow  m_ws.l(dunder.o)
    0x0800dd4c   0x0000000e   Code   RO         1223    i.__scatterload_copy  mc_w.l(handlers.o)
    0x0800dd5a   0x00000002   Code   RO         1224    i.__scatterload_null  mc_w.l(handlers.o)
    0x0800dd5c   0x0000000e   Code   RO         1225    i.__scatterload_zeroinit  mc_w.l(handlers.o)
    0x0800dd6a   0x00000002   PAD
    0x0800dd6c   0x0000000c   Code   RO         1197    i.__set_errno       mc_w.l(errno.o)
    0x0800dd78   0x00000164   Code   RO         1085    i._fp_digits        mc_w.l(printfa.o)
    0x0800dedc   0x000006dc   Code   RO         1086    i._printf_core      mc_w.l(printfa.o)
    0x0800e5b8   0x00000024   Code   RO         1087    i._printf_post_padding  mc_w.l(printfa.o)
    0x0800e5dc   0x0000002e   Code   RO         1088    i._printf_pre_padding  mc_w.l(printfa.o)
    0x0800e60a   0x0000000a   Code   RO         1090    i._sputc            mc_w.l(printfa.o)
    0x0800e614   0x00000270   Code   RO          781    i.asin              m_ws.l(asin.o)
    0x0800e884   0x00000220   Code   RO          791    i.atan              m_ws.l(atan.o)
    0x0800eaa4   0x00000180   Code   RO          801    i.atan2             m_ws.l(atan2.o)
    0x0800ec24   0x0000009c   Code   RO          809    i.cos               m_ws.l(cos.o)
    0x0800ecc0   0x000000a0   Code   RO          817    i.sin               m_ws.l(sin.o)
    0x0800ed60   0x0000004c   Code   RO          825    i.sqrt              m_ws.l(sqrt.o)
    0x0800edac   0x0000001a   Data   RO            3    .constdata          main.o
    0x0800edc6   0x00000002   PAD
    0x0800edc8   0x00000050   Data   RO          287    .constdata          inv_mpu.o
    0x0800ee18   0x00000bf6   Data   RO          318    .constdata          inv_mpu_dmp_motion_driver.o
    0x0800fa0e   0x0002acc8   Data   RO          394    .constdata          cc936.o
    0x0803a6d6   0x0000003a   Data   RO          443    .constdata          ff.o
    0x0803a710   0x00000018   Data   RO          484    .constdata          rtc.o
    0x0803a728   0x00000050   Data   RO          782    .constdata          m_ws.l(asin.o)
    0x0803a778   0x00000098   Data   RO          792    .constdata          m_ws.l(atan.o)
    0x0803a810   0x00000030   Data   RO         1141    .constdata          m_ws.l(cos_i.o)
    0x0803a840   0x00000008   Data   RO         1161    .constdata          m_ws.l(qnan.o)
    0x0803a848   0x000000c8   Data   RO         1164    .constdata          m_ws.l(rred.o)
    0x0803a910   0x00000028   Data   RO         1168    .constdata          m_ws.l(sin_i.o)
    0x0803a938   0x0000004d   Data   RO          288    .conststring        inv_mpu.o
    0x0803a985   0x00000003   PAD
    0x0803a988   0x00000064   Data   RO          339    .conststring        exfuns.o
    0x0803a9ec   0x00000028   Data   RO          628    .conststring        usmart.o
    0x0803aa14   0x00000299   Data   RO          643    .conststring        usmart_config.o
    0x0803acad   0x00000003   PAD
    0x0803acb0   0x00000020   Data   RO         1221    Region$$Table       anon$$obj.o


    Execution Region RW_IRAM1 (Base: 0x20000000, Size: 0x0000af98, Max: 0x0000c000, ABSOLUTE, COMPRESSED[0x00000198])

    Base Addr    Size         Type   Attr      Idx    E Section Name        Object

    0x20000000   0x00000134   Data   RW            4    .data               main.o
    0x20000134   0x00000014   Data   RW          220    .data               system_stm32f10x.o
    0x20000148   0x00000035   Data   RW          289    .data               inv_mpu.o
    0x2000017d   0x00000003   PAD
    0x20000180   0x00000154   Data   RW          340    .data               exfuns.o
    0x200002d4   0x00000002   Data   RW          417    .data               diskio.o
    0x200002d6   0x00000002   PAD
    0x200002d8   0x0000000a   Data   RW          444    .data               ff.o
    0x200002e2   0x00000002   Data   RW          462    .data               flash.o
    0x200002e4   0x00000002   Data   RW          485    .data               rtc.o
    0x200002e6   0x00000001   Data   RW          503    .data               mmc_sd.o
    0x200002e7   0x00000001   PAD
    0x200002e8   0x00000014   Data   RW          538    .data               malloc.o
    0x200002fc   0x0000001c   Data   RW          629    .data               usmart.o
    0x20000318   0x000001c4   Data   RW          644    .data               usmart_config.o
    0x200004dc   0x00000004   Data   RW          684    .data               delay.o
    0x200004e0   0x00000006   Data   RW          716    .data               usart.o
    0x200004e6   0x00000014   Data   RW          767    .data               stm32f10x_rcc.o
    0x200004fa   0x00000002   PAD
    0x200004fc   0x00000004   Data   RW         1198    .data               mc_w.l(errno.o)
    0x20000500   0x000000a0   Zero   RW            2    .bss                main.o
    0x200005a0   0x00000010   Zero   RW          317    .bss                inv_mpu_dmp_motion_driver.o
    0x200005b0   0x00000044   Zero   RW          338    .bss                exfuns.o
    0x200005f4   0x00001000   Zero   RW          461    .bss                flash.o
    0x200015f4   0x0000000a   Zero   RW          483    .bss                rtc.o
    0x200015fe   0x00000012   Zero   RW          521    .bss                spi.o
    0x20001610   0x000094c0   Zero   RW          536    .bss                malloc.o
    0x2000aad0   0x000000c8   Zero   RW          715    .bss                usart.o
    0x2000ab98   0x00000400   Zero   RW          747    STACK               startup_stm32f10x_hd.o


==============================================================================

Image component sizes


      Code (inc. data)   RO Data    RW Data    ZI Data      Debug   Object Name

       180         18     175304          0          0       2217   cc936.o
       212         18          0          4          0        995   delay.o
       504         12          0          2          0       4198   diskio.o
       408         20        100        340         68       5620   exfuns.o
      1720        690          0          0          0       5612   fattester.o
     12950        138         58         10          0      34626   ff.o
       840         20          0          2       4096       4293   flash.o
      8824        196        157         53          0      23197   inv_mpu.o
      3440        126       3062          0         16      15051   inv_mpu_dmp_motion_driver.o
      4960        904         26        308        160     266689   main.o
       416          6          0         20      38080       3873   malloc.o
       220         22          0          0          0       1773   misc_1.o
      1316         16          0          1          0       5634   mmc_sd.o
       872         18          0          0          0       4131   mpu6050.o
       592         14          0          0          0       2026   mpuiic.o
       892         28         24          2         10       3576   rtc.o
       224         12          0          0         18       1245   spi.o
        36          8        304          0       1024        780   startup_stm32f10x_hd.o
       196          8          0          0          0       3436   stm32f10x_bkp.o
       860         38          0          0          0       5617   stm32f10x_gpio.o
        26          0          0          0          0       1166   stm32f10x_it.o
       204         14          0          0          0       1903   stm32f10x_pwr.o
       932         36          0         20          0       8776   stm32f10x_rcc.o
       328          4          0          0          0       2654   stm32f10x_rtc.o
       780         14          0          0          0       6502   stm32f10x_spi.o
      3610         88          0          0          0      22104   stm32f10x_tim.o
      1032         22          0          0          0       8344   stm32f10x_usart_1.o
         0          0          0          0          0         32   sys.o
       480         38          0         20          0       1695   system_stm32f10x.o
       320         16          0          6        200       3134   usart.o
      3136       1288         40         28          0       4230   usmart.o
         0          0        665        452          0       1572   usmart_config.o
      1320         12          0          0          0       5025   usmart_str.o

    ----------------------------------------------------------------------
     51836       3844     179780       1276      43672     461726   Object Totals
         0          0         32          0          0          0   (incl. Generated)
         6          0          8          8          0          0   (incl. Padding)

    ----------------------------------------------------------------------

      Code (inc. data)   RO Data    RW Data    ZI Data      Debug   Library Member Name

       624         52         80          0          0        168   asin.o
       544         70        152          0          0        124   atan.o
       384         38          0          0          0        144   atan2.o
       156          8          0          0          0        104   cos.o
       252         22         48          0          0        124   cos_i.o
        38          6          0          0          0        272   dunder.o
        40          0          0          0          0         68   fpclassify.o
       170          0          0          0          0         96   poly.o
         0          0          8          0          0          0   qnan.o
       904         76        200          0          0        140   rred.o
       160         10          0          0          0        108   sin.o
       236         12         40          0          0        128   sin_i.o
        76          0          0          0          0         84   sqrt.o
        86          0          0          0          0          0   __dczerorl2.o
         0          0          0          0          0          0   entry.o
         0          0          0          0          0          0   entry10a.o
         0          0          0          0          0          0   entry11a.o
         8          4          0          0          0          0   entry2.o
         4          0          0          0          0          0   entry5.o
         0          0          0          0          0          0   entry7b.o
         0          0          0          0          0          0   entry8b.o
         8          4          0          0          0          0   entry9a.o
        12          6          0          4          0         68   errno.o
        30          0          0          0          0          0   handlers.o
        36          8          0          0          0         68   init.o
         0          0          0          0          0          0   iusefp.o
        98          0          0          0          0         84   ldiv.o
        30          0          0          0          0         68   llshl.o
        36          0          0          0          0         68   llsshr.o
        32          0          0          0          0         68   llushr.o
        26          0          0          0          0         80   memcmp.o
        36          0          0          0          0        108   memseta.o
      2276         96          0          0          0        596   printfa.o
        28          0          0          0          0         76   strcmp.o
        18          0          0          0          0         68   strcpy.o
        44          0          0          0          0         80   uidiv.o
        98          0          0          0          0         92   uldiv.o
        48          0          0          0          0         68   cdcmple.o
        48          0          0          0          0         68   cdrcmple.o
        20          0          0          0          0         68   cfcmple.o
        20          0          0          0          0         68   cfrcmple.o
        56          0          0          0          0         88   d2f.o
       334          0          0          0          0        148   dadd.o
       222          0          0          0          0        100   ddiv.o
       186          0          0          0          0        176   depilogue.o
        62          0          0          0          0         80   dfixi.o
        48          0          0          0          0         68   dfixul.o
        34          0          0          0          0         76   dflti.o
        26          0          0          0          0         76   dfltui.o
       228          0          0          0          0         96   dmul.o
        46          0          0          0          0         80   dscalb.o
       162          0          0          0          0        100   dsqrt.o
        38          0          0          0          0         68   f2d.o
       176          0          0          0          0        140   fadd.o
       124          0          0          0          0         88   fdiv.o
       110          0          0          0          0        168   fepilogue.o
        50          0          0          0          0         68   ffixi.o
        40          0          0          0          0         68   ffixui.o
        18          0          0          0          0         68   fflti.o
        10          0          0          0          0         68   ffltui.o
       100          0          0          0          0         76   fmul.o

    ----------------------------------------------------------------------
      8704        412        528          4          0       5256   Library Totals
         8          0          0          0          0          0   (incl. Padding)

    ----------------------------------------------------------------------

      Code (inc. data)   RO Data    RW Data    ZI Data      Debug   Library Name

      3584        294        528          0          0       1560   m_ws.l
      2906        118          0          4          0       1524   mc_w.l
      2206          0          0          0          0       2172   mf_w.l

    ----------------------------------------------------------------------
      8704        412        528          4          0       5256   Library Totals

    ----------------------------------------------------------------------

==============================================================================


      Code (inc. data)   RO Data    RW Data    ZI Data      Debug   

     60540       4256     180308       1280      43672     461234   Grand Totals
     60540       4256     180308        408      43672     461234   ELF Image Totals (compressed)
     60540       4256     180308        408          0          0   ROM Totals

==============================================================================

    Total RO  Size (Code + RO Data)               240848 ( 235.20kB)
    Total RW  Size (RW Data + ZI Data)             44952 (  43.90kB)
    Total ROM Size (Code + RO Data + RW Data)     241256 ( 235.60kB)

==============================================================================

